============================================================
Stage 03 (GPU) — Model Prefitting: STEP=bayesian_recovery MODEL=wmrl_m6b
============================================================
Job ID:     55063008
Node:       m3g118
GPU(s):     0
Project:    /fs04/fc37/adam/projects/rlwm_trauma_analysis
Start time: Thu Apr 30 07:14:48 AM AEST 2026
============================================================
Activated rlwm_gpu by name
JAX devices: [CudaDevice(id=0)]
GPU count: 1
JAX cache: /scratch/fc37/aman0087/.jax_cache_03_prefit_gpu_bayesian_recovery_wmrl_m6b

[Thu Apr 30 07:15:03 AM AEST 2026] Running: python scripts/03_model_prefitting/05_run_bayesian_recovery.py --mode single-subject --model wmrl_m6b --subject-idx 1 --seed 42 --output-dir models/bayesian/21_recovery/
================================================================================
STEP 21.2 SINGLE-SUBJECT RECOVERY: model=wmrl_m6b, subject=1
================================================================================
  Seed: 42
  MCMC budget: warmup=500, samples=1000, chains=2, max_tree_depth=8
  Synthetic task: n_blocks=17, n_trials_per_block=100

>> Sampling true parameters from prior...
  alpha_neg      = 0.5394
  alpha_pos      = 0.4175
  capacity       = 4.0159
  epsilon        = 0.0216
  kappa_share    = 0.4223
  kappa_total    = 0.2968
  phi            = 0.4897
  rho            = 0.6571

>> Generating synthetic trial data...
  Generated 909 trials across 17 blocks
  Mean reward (proxy accuracy): 0.531

>> Fitting synthetic data via hierarchical MCMC...

>> Preparing stacked participant data...
  Prepared 1 participants (sorted by ID)
  Skipping LEC covariate: no matching sona_ids in data/processed/summary_participant_metrics.csv (1 participant(s) — likely synthetic recovery; Level-2 regression not applicable).

>> Running MCMC inference (NUTS + convergence auto-bump)...
>> Starting MCMC sampling with convergence auto-bump...
   Chains: 2
   Host devices: 1
   Warmup: 500
   Samples: 1000
   Max tree depth: 8
   Total iterations per chain: 1500
   Acceptance probability schedule: (0.8, 0.95, 0.99)

============================================================
>> JAX / NumPyro configuration
   backend            : gpu
   devices            : [CudaDevice(id=0)]
   local_device_count : 1
   x64 enabled        : False
   chain_method       : vectorized
   num_chains         : 2
   NUMPYRO_HOST_DEVICE_COUNT        = <unset>
   XLA_PYTHON_CLIENT_PREALLOCATE    = <unset>
   XLA_PYTHON_CLIENT_MEM_FRACTION   = <unset>
   JAX_COMPILATION_CACHE_DIR        = /scratch/fc37/aman0087/.jax_cache_03_prefit_gpu_bayesian_recovery_wmrl_m6b
   JAX_PERSISTENT_CACHE_MIN_ENTRY_SIZE_BYTES = 0
   CUDA_VISIBLE_DEVICES             = 0
============================================================

   Backend: gpu | chain_method: vectorized
[timing] target_accept_prob=0.80 wall=538.0s
[convergence-gate] target_accept_prob=0.80 divergences=1
[convergence-gate] 1 divergences remain — bumping target_accept_prob.
   Backend: gpu | chain_method: vectorized
[timing] target_accept_prob=0.95 wall=613.6s
[convergence-gate] target_accept_prob=0.95 divergences=0
[convergence-gate] Zero divergences — accepting this run.

================================================================================
WMRL-M6B POSTERIOR ESTIMATES — GROUP LEVEL
================================================================================
  alpha_neg_mu_pr: 0.748 +/- 0.456
  alpha_pos_mu_pr: 0.400 +/- 0.460
  capacity_mu_pr: 0.953 +/- 0.649
  epsilon_mu_pr: -2.206 +/- 0.457
  kappa_share_mu_pr: 0.010 +/- 0.274
  kappa_total_mu_pr: -0.650 +/- 0.208
  phi_mu_pr: 0.090 +/- 0.208
  rho_mu_pr: 0.175 +/- 0.234

>> Extracting posterior summaries and HDIs...

  Wrote: models/bayesian/21_recovery/wmrl_m6b_subject_001.json
  Elapsed: 1164.4 s
================================================================================

[Thu Apr 30 07:34:42 AM AEST 2026] Stage 03 (GPU) STEP=bayesian_recovery MODEL=wmrl_m6b finished (exit code: 0)

============================================================
AUTO-PUSH: Committing and pushing results
============================================================
[main 6d4e17b] p29_03_prefit_gpu job 55063008 results
 6 files changed, 129 insertions(+), 2 deletions(-)
 create mode 100644 models/bayesian/21_recovery/wmrl_m6b_subject_001.json
To github.com:adammanoogian/rlwm_trauma_analysis
   32384dd..6d4e17b  main -> main
  Auto-push complete
