============================================================
Stage 03 (GPU) — Model Prefitting: STEP=prior_predictive MODEL=wmrl_m6a
============================================================
Job ID:     55062611
Node:       m3g101
GPU(s):     0
Project:    /fs04/fc37/adam/projects/rlwm_trauma_analysis
Start time: Thu Apr 30 05:56:05 AM AEST 2026
============================================================
Activated rlwm_gpu by name
JAX devices: [CudaDevice(id=0)]
GPU count: 1
JAX cache: /scratch/fc37/aman0087/.jax_cache_03_prefit_gpu_prior_predictive_wmrl_m6a

[Thu Apr 30 05:56:09 AM AEST 2026] Running: python scripts/03_model_prefitting/04_run_prior_predictive.py --model wmrl_m6a --data data/processed/task_trials_long.csv --num-draws 500 --seed 42 --output-dir models/bayesian/21_prior_predictive/

============================================================
AUTO-PUSH: Committing and pushing results
============================================================
[main 7ab0535] p29_03_prefit_gpu job 55062611 results
 7 files changed, 93 insertions(+)
 create mode 100644 logs/03_prefitting_gpu_55062609.err
 create mode 100644 logs/03_prefitting_gpu_55062609.out
 create mode 100644 logs/03_prefitting_gpu_55062611.err
 create mode 100644 logs/03_prefitting_gpu_55062611.out
 create mode 100644 logs/03_prefitting_gpu_55062613.err
 create mode 100644 logs/03_prefitting_gpu_55062613.out
