============================================================
Stage 03 (GPU) — Model Prefitting: STEP=prior_predictive MODEL=wmrl
============================================================
Job ID:     55062605
Node:       m3g101
GPU(s):     0
Project:    /fs04/fc37/adam/projects/rlwm_trauma_analysis
Start time: Thu Apr 30 05:55:05 AM AEST 2026
============================================================
Activated rlwm_gpu by name
JAX devices: [CudaDevice(id=0)]
GPU count: 1
JAX cache: /scratch/fc37/aman0087/.jax_cache_03_prefit_gpu_prior_predictive_wmrl

[Thu Apr 30 05:55:20 AM AEST 2026] Running: python scripts/03_model_prefitting/04_run_prior_predictive.py --model wmrl --data data/processed/task_trials_long.csv --num-draws 500 --seed 42 --output-dir models/bayesian/21_prior_predictive/

============================================================
AUTO-PUSH: Committing and pushing results
============================================================
[main 928106d] p29_03_prefit_gpu job 55062605 results
 19 files changed, 276 insertions(+)
 create mode 100644 logs/03_prefitting_gpu_55046493.err
 create mode 100644 logs/03_prefitting_gpu_55046493.out
 create mode 100644 logs/03_prefitting_gpu_55046495.err
 create mode 100644 logs/03_prefitting_gpu_55046495.out
 create mode 100644 logs/03_prefitting_gpu_55046497.err
 create mode 100644 logs/03_prefitting_gpu_55046497.out
 create mode 100644 logs/03_prefitting_gpu_55046499.err
 create mode 100644 logs/03_prefitting_gpu_55046499.out
 create mode 100644 logs/03_prefitting_gpu_55046501.err
 create mode 100644 logs/03_prefitting_gpu_55046501.out
 create mode 100644 logs/03_prefitting_gpu_55046503.err
 create mode 100644 logs/03_prefitting_gpu_55046503.out
 create mode 100644 logs/03_prefitting_gpu_55062603.err
 create mode 100644 logs/03_prefitting_gpu_55062603.out
 create mode 100644 logs/03_prefitting_gpu_55062605.err
 create mode 100644 logs/03_prefitting_gpu_55062605.out
 create mode 100644 logs/03_prefitting_gpu_55062607.err
 create mode 100644 logs/03_prefitting_gpu_55062607.out
To github.com:adammanoogian/rlwm_trauma_analysis
   8e129d5..928106d  main -> main
  Auto-push complete
