============================================================
Stage 04b (GPU, Template C) — Hierarchical Bayesian Fit
============================================================
Job ID:         55177920
Node:           m3t100
Partition:      gpu
GPU(s):         0,1,2,3
Project:        /fs04/fc37/adam/projects/rlwm_trauma_analysis
Model:          wmrl_m3
Chains:         4
Warmup:         1000
Samples:        2000
Seed:           42
Max tree depth: 8
Subscale:       0
Kappa param:    convex
Out subdir:     33_bench_gpu_m3
Limit:          <all participants>
Commit: db75ff8 [12 dirty] — feat(33-bench): GPU vs CPU vs pscan validation campaign
Start time:     Wed May  6 09:19:07 AM AEST 2026
============================================================
Activated rlwm_gpu by name
JAX 0.9.0 devices: [CudaDevice(id=0), CudaDevice(id=1), CudaDevice(id=2), CudaDevice(id=3)]
GPU count: 4

JAX cache: /scratch/fc37/aman0087/.jax_cache_04b_bayesian_gpu_wmrl_m3

[Wed May  6 09:19:44 AM AEST 2026] Clearing stale wmrl_m3 artefacts from models/bayesian/33_bench_gpu_m3/
============================================================
Fitting Bayesian model: wmrl_m3 (Template C, 4 GPUs + pmap)
Started: Wed May  6 09:19:44 AM AEST 2026
============================================================
[Wed May  6 09:19:44 AM AEST 2026] Starting wmrl_m3 hierarchical Bayesian fit (subscale=0)
  Command: python scripts/04_model_fitting/b_bayesian/fit_baseline.py --model wmrl_m3 --data data/processed/task_trials_long.csv --chains 4 --warmup 1000 --samples 2000 --seed 42 --max-tree-depth 8 --kappa-parameterization convex --output-subdir 33_bench_gpu_m3

[GPU 09:19:44] util=2% mem=0/15360MB temp=28Cutil=0% mem=0/15360MB temp=28Cutil=2% mem=0/15360MB temp=28Cutil=2% mem=0/15360MB temp=30C
================================================================================
STEP 21.3 — BASELINE HIERARCHICAL FIT (NO L2)
================================================================================
  Model: wmrl_m3
  Data: data/processed/task_trials_long.csv
  Chains: 4
  Warmup: 1000
  Samples: 2000
  Seed: 42
  Max tree depth: 8
  Output: /fs04/fc37/adam/projects/rlwm_trauma_analysis/models
  Output subdir: bayesian/33_bench_gpu_m3/ (override)
  Kappa parameterization: convex
================================================================================
================================================================================
BAYESIAN WMRL_M3 FIT WITH JAX/NUMPYRO
================================================================================

Settings:
  Model: wmrl_m3
  Data: data/processed/task_trials_long.csv
  Min block: 3 (excludes practice)
  Chains: 4
  Warmup: 1000
  Samples: 2000
  Max tree depth: 8
  Output: /fs04/fc37/adam/projects/rlwm_trauma_analysis/models
  Seed: 42
  Output subdir: bayesian/33_bench_gpu_m3/ (Phase 21 layout)
  Kappa parameterization: convex
  JAX devices: 4

>> Loading data from: data/processed/task_trials_long.csv
Analysis cohort breakdown (total observed N=178):
  Task-complete (>= 400 trials, >= 8 blocks): 178
  Overall accuracy >= 0.4: 176
  Late-block accuracy >= 0.5 (last 5): 158
  Both performance gates: 158
  Scale-complete (5 cols): 186
  Final cohort (intersection − manual exclusions): 158
  Analysis cohort (v4.0): task-complete + performance-check + scale-complete
  Loaded 114872 trials from 178 participants
  Excluded 20 participants outside cohort
  Final sample: 158 participants
  Filtered to blocks >= 3: 114872 trials remain
  Dropped NaN values in critical columns: 114872 trials remain

>> Data summary:
  Participants: 158
  Blocks: 21
  Total trials: 114872
  Trials per participant: 727
    Participant 9187: 990 trials, 17 blocks
    Participant 10000: 988 trials, 17 blocks
    Participant 10002: 986 trials, 17 blocks
    Participant 10003: 973 trials, 17 blocks
    Participant 10004: 990 trials, 17 blocks
    Participant 10005: 985 trials, 17 blocks
    Participant 10006: 987 trials, 17 blocks
    Participant 10016: 987 trials, 17 blocks
    Participant 10017: 986 trials, 17 blocks
    Participant 10018: 986 trials, 17 blocks
    Participant 10024: 718 trials, 12 blocks
    Participant 10025: 414 trials, 8 blocks
    Participant 10027: 718 trials, 12 blocks
    Participant 10029: 720 trials, 12 blocks
    Participant 10030: 716 trials, 12 blocks
    Participant 10031: 719 trials, 12 blocks
    Participant 10035: 717 trials, 12 blocks
    Participant 10036: 713 trials, 12 blocks
    Participant 10039: 711 trials, 12 blocks
    Participant 10041: 696 trials, 12 blocks
    Participant 10043: 716 trials, 12 blocks
    Participant 10044: 716 trials, 12 blocks
    Participant 10047: 717 trials, 12 blocks
    Participant 10050: 717 trials, 12 blocks
    Participant 10051: 709 trials, 12 blocks
    Participant 10052: 709 trials, 12 blocks
    Participant 10055: 719 trials, 12 blocks
    Participant 10057: 712 trials, 12 blocks
    Participant 10058: 697 trials, 12 blocks
    Participant 10059: 718 trials, 12 blocks
    Participant 10062: 718 trials, 12 blocks
    Participant 10063: 713 trials, 12 blocks
    Participant 10064: 712 trials, 12 blocks
    Participant 10065: 719 trials, 12 blocks
    Participant 10066: 706 trials, 12 blocks
    Participant 10067: 716 trials, 12 blocks
    Participant 10071: 720 trials, 12 blocks
    Participant 10072: 718 trials, 12 blocks
    Participant 10073: 718 trials, 12 blocks
    Participant 10074: 717 trials, 12 blocks
    Participant 10075: 717 trials, 12 blocks
    Participant 10076: 710 trials, 12 blocks
    Participant 10077: 719 trials, 12 blocks
    Participant 10078: 719 trials, 12 blocks
    Participant 10079: 719 trials, 12 blocks
    Participant 10081: 716 trials, 12 blocks
    Participant 10083: 703 trials, 12 blocks
    Participant 10084: 717 trials, 12 blocks
    Participant 10086: 630 trials, 12 blocks
    Participant 10087: 714 trials, 12 blocks
    Participant 10088: 720 trials, 12 blocks
    Participant 10089: 716 trials, 12 blocks
    Participant 10092: 714 trials, 12 blocks
    Participant 10093: 712 trials, 12 blocks
    Participant 10094: 709 trials, 12 blocks
    Participant 10095: 712 trials, 12 blocks
    Participant 10097: 717 trials, 12 blocks
    Participant 10098: 712 trials, 12 blocks
    Participant 10099: 714 trials, 12 blocks
    Participant 10101: 715 trials, 12 blocks
    Participant 10102: 716 trials, 12 blocks
    Participant 10103: 719 trials, 12 blocks
    Participant 10104: 715 trials, 12 blocks
    Participant 10106: 719 trials, 12 blocks
    Participant 10107: 714 trials, 12 blocks
    Participant 10109: 719 trials, 12 blocks
    Participant 10110: 719 trials, 12 blocks
    Participant 10111: 713 trials, 12 blocks
    Participant 10112: 707 trials, 12 blocks
    Participant 10114: 709 trials, 12 blocks
    Participant 10115: 711 trials, 12 blocks
    Participant 10116: 718 trials, 12 blocks
    Participant 10117: 715 trials, 12 blocks
    Participant 10120: 715 trials, 12 blocks
    Participant 10121: 711 trials, 12 blocks
    Participant 10125: 717 trials, 12 blocks
    Participant 10126: 719 trials, 12 blocks
    Participant 10128: 705 trials, 12 blocks
    Participant 10130: 713 trials, 12 blocks
    Participant 10135: 704 trials, 12 blocks
    Participant 10137: 718 trials, 12 blocks
    Participant 10140: 715 trials, 12 blocks
    Participant 10141: 716 trials, 12 blocks
    Participant 10142: 719 trials, 12 blocks
    Participant 10143: 719 trials, 12 blocks
    Participant 10145: 713 trials, 12 blocks
    Participant 10147: 716 trials, 12 blocks
    Participant 10148: 705 trials, 12 blocks
    Participant 10149: 713 trials, 12 blocks
    Participant 10150: 715 trials, 12 blocks
    Participant 10151: 717 trials, 12 blocks
    Participant 10152: 719 trials, 12 blocks
    Participant 10154: 717 trials, 12 blocks
    Participant 10155: 713 trials, 12 blocks
    Participant 10156: 712 trials, 12 blocks
    Participant 10157: 719 trials, 12 blocks
    Participant 10158: 716 trials, 12 blocks
    Participant 10159: 716 trials, 12 blocks
    Participant 10160: 717 trials, 12 blocks
    Participant 10162: 714 trials, 12 blocks
    Participant 10163: 719 trials, 12 blocks
    Participant 10164: 719 trials, 12 blocks
    Participant 10165: 713 trials, 12 blocks
    Participant 10166: 714 trials, 12 blocks
    Participant 10168: 718 trials, 12 blocks
    Participant 10169: 713 trials, 12 blocks
    Participant 10170: 718 trials, 12 blocks
    Participant 10171: 718 trials, 12 blocks
    Participant 10172: 719 trials, 12 blocks
    Participant 10174: 714 trials, 12 blocks
    Participant 10175: 717 trials, 12 blocks
    Participant 10177: 715 trials, 12 blocks
    Participant 10178: 718 trials, 12 blocks
    Participant 10179: 716 trials, 12 blocks
    Participant 10180: 708 trials, 12 blocks
    Participant 10181: 719 trials, 12 blocks
    Participant 10182: 696 trials, 12 blocks
    Participant 10183: 719 trials, 12 blocks
    Participant 10185: 710 trials, 12 blocks
    Participant 10186: 718 trials, 12 blocks
    Participant 10190: 600 trials, 12 blocks
    Participant 10191: 708 trials, 12 blocks
    Participant 10192: 709 trials, 12 blocks
    Participant 10196: 718 trials, 12 blocks
    Participant 10197: 716 trials, 12 blocks
    Participant 10198: 479 trials, 11 blocks
    Participant 10199: 710 trials, 12 blocks
    Participant 10200: 719 trials, 12 blocks
    Participant 10201: 719 trials, 12 blocks
    Participant 10202: 718 trials, 12 blocks
    Participant 10203: 716 trials, 12 blocks
    Participant 10204: 718 trials, 12 blocks
    Participant 10208: 694 trials, 12 blocks
    Participant 10209: 715 trials, 12 blocks
    Participant 10212: 716 trials, 12 blocks
    Participant 10215: 719 trials, 12 blocks
    Participant 10216: 717 trials, 12 blocks
    Participant 10217: 719 trials, 12 blocks
    Participant 10218: 694 trials, 12 blocks
    Participant 10220: 718 trials, 12 blocks
    Participant 10221: 707 trials, 12 blocks
    Participant 10222: 710 trials, 12 blocks
    Participant 10225: 713 trials, 12 blocks
    Participant 10226: 718 trials, 12 blocks
    Participant 10227: 717 trials, 12 blocks
    Participant 10228: 712 trials, 12 blocks
    Participant 10229: 707 trials, 12 blocks
    Participant 10234: 708 trials, 12 blocks
    Participant 10235: 720 trials, 12 blocks
    Participant 10236: 718 trials, 12 blocks
    Participant 10239: 718 trials, 12 blocks
    Participant 10240: 720 trials, 12 blocks
    Participant 10241: 720 trials, 12 blocks
    Participant 10242: 719 trials, 12 blocks
    Participant 10243: 711 trials, 12 blocks
    Participant 10245: 719 trials, 12 blocks
    Participant 10246: 715 trials, 12 blocks
    Participant 10248: 718 trials, 12 blocks

================================================================================
FITTING WMRL-M3 HIERARCHICAL MODEL
================================================================================

>> Preparing stacked participant data...
  Prepared 158 participants (sorted by ID)
  LEC covariate loaded: mean=9.87, std=3.44, n=158

>> Running MCMC inference (NUTS + convergence auto-bump)...
>> Starting MCMC sampling with convergence auto-bump...
   Chains: 4
   Host devices: 4
   Warmup: 1000
   Samples: 2000
   Max tree depth: 8
   Total iterations per chain: 3000
   Acceptance probability schedule: (0.8, 0.95, 0.99)

============================================================
>> JAX / NumPyro configuration
   backend            : gpu
   devices            : [CudaDevice(id=0), CudaDevice(id=1), CudaDevice(id=2), CudaDevice(id=3)]
   local_device_count : 4
   x64 enabled        : False
   chain_method       : parallel
   num_chains         : 4
   NUMPYRO_HOST_DEVICE_COUNT        = 4
   XLA_PYTHON_CLIENT_PREALLOCATE    = <unset>
   XLA_PYTHON_CLIENT_MEM_FRACTION   = <unset>
   JAX_COMPILATION_CACHE_DIR        = /scratch/fc37/aman0087/.jax_cache_04b_bayesian_gpu_wmrl_m3
   JAX_PERSISTENT_CACHE_MIN_ENTRY_SIZE_BYTES = 0
   CUDA_VISIBLE_DEVICES             = 0,1,2,3
============================================================

   Backend: gpu | chain_method: parallel
[GPU 09:24:44] util=99% mem=11329/15360MB temp=40Cutil=99% mem=11325/15360MB temp=41Cutil=99% mem=11325/15360MB temp=40Cutil=99% mem=11325/15360MB temp=41C
[GPU 09:29:45] util=99% mem=11329/15360MB temp=40Cutil=99% mem=11325/15360MB temp=42Cutil=99% mem=11325/15360MB temp=40Cutil=99% mem=11325/15360MB temp=41C
[GPU 09:34:45] util=99% mem=11329/15360MB temp=40Cutil=99% mem=11325/15360MB temp=42Cutil=99% mem=11325/15360MB temp=41Cutil=99% mem=11325/15360MB temp=41C
[GPU 09:39:45] util=99% mem=11329/15360MB temp=40Cutil=99% mem=11325/15360MB temp=42Cutil=99% mem=11325/15360MB temp=41Cutil=99% mem=11325/15360MB temp=41C
[GPU 09:44:45] util=99% mem=11329/15360MB temp=40Cutil=99% mem=11325/15360MB temp=42Cutil=99% mem=11325/15360MB temp=41Cutil=99% mem=11325/15360MB temp=41C
[GPU 09:49:45] util=99% mem=11329/15360MB temp=40Cutil=99% mem=11325/15360MB temp=42Cutil=99% mem=11325/15360MB temp=41Cutil=99% mem=11325/15360MB temp=41C
[GPU 09:54:45] util=99% mem=11329/15360MB temp=40Cutil=99% mem=11325/15360MB temp=42Cutil=99% mem=11325/15360MB temp=41Cutil=99% mem=11325/15360MB temp=41C
[GPU 09:59:45] util=99% mem=11329/15360MB temp=40Cutil=99% mem=11325/15360MB temp=42Cutil=99% mem=11325/15360MB temp=41Cutil=99% mem=11325/15360MB temp=41C
[GPU 10:04:45] util=99% mem=11329/15360MB temp=40Cutil=99% mem=11325/15360MB temp=42Cutil=99% mem=11325/15360MB temp=41Cutil=99% mem=11325/15360MB temp=41C
[timing] target_accept_prob=0.80 wall=2743.0s
[convergence-gate] target_accept_prob=0.80 divergences=0
[convergence-gate] Zero divergences — accepting this run.

================================================================================
WMRL-M3 POSTERIOR ESTIMATES — GROUP LEVEL
================================================================================
  alpha_neg_mu_pr: -4.463 +/- 0.271
  alpha_pos_mu_pr: -1.919 +/- 0.023
  capacity_mu_pr: -0.983 +/- 0.098
  epsilon_mu_pr: -1.736 +/- 0.032
  kappa_mu_pr: -2.124 +/- 0.063
  phi_mu_pr: -0.785 +/- 0.030
  rho_mu_pr: 0.899 +/- 0.068
  beta_lec_kappa: mean=0.1413 +/- 0.0596, 95% HDI=[0.0298, 0.2642]
    HDI excludes zero (positive direction)

================================================================================
SAVING RESULTS
================================================================================

>> Computing pointwise log-likelihoods...
  Pointwise log-lik shape: (4, 2000, 158, 1700)
  Padding positions set to NaN for WAIC/LOO.

>> Building ArviZ InferenceData...

>> Checking convergence gate...
[convergence-gate] model=wmrl_m3 max_rhat=1.000 min_ess_bulk=2764 divergences=0 min_bfmi=0.71 allow_gate_failure=False

[CONVERGENCE GATE PASSED] max_rhat=1.0000, min_ess_bulk=2764, divergences=0, min_bfmi=0.710

>> Writing schema-parity CSV...
  Saved: /fs04/fc37/adam/projects/rlwm_trauma_analysis/models/bayesian/33_bench_gpu_m3/wmrl_m3_individual_fits.csv
[GPU 10:09:45] util=0% mem=11413/15360MB temp=33Cutil=0% mem=11425/15360MB temp=33Cutil=0% mem=11405/15360MB temp=33Cutil=0% mem=11405/15360MB temp=33C
  Saved posterior NetCDF: /fs04/fc37/adam/projects/rlwm_trauma_analysis/models/bayesian/33_bench_gpu_m3/wmrl_m3_posterior.nc

>> Computing WAIC and LOO...
  WARNING: WAIC failed: 'ELPDData' object has no attribute 'waic'
[GPU 10:14:45] util=0% mem=11413/15360MB temp=32Cutil=0% mem=11425/15360MB temp=32Cutil=0% mem=11405/15360MB temp=32Cutil=0% mem=11405/15360MB temp=32C
  WARNING: LOO failed: 'ELPDData' object has no attribute 'loo'

>> Computing shrinkage diagnostic...
  Shrinkage values:
    alpha_pos: 0.717 (identified)
    alpha_neg: 0.000 (WARNING: poorly identified)
    phi: 0.766 (identified)
    rho: 0.665 (identified)
    capacity: 0.594 (identified)
    kappa: 0.965 (identified)
    epsilon: 0.522 (identified)
  Saved: /fs04/fc37/adam/projects/rlwm_trauma_analysis/models/bayesian/33_bench_gpu_m3/wmrl_m3_shrinkage_report.md

>> Running posterior predictive check...
[GPU 10:19:45] util=0% mem=11431/15360MB temp=32Cutil=0% mem=11425/15360MB temp=32Cutil=0% mem=11405/15360MB temp=32Cutil=0% mem=11405/15360MB temp=32C
[GPU 10:24:45] util=0% mem=11463/15360MB temp=32Cutil=0% mem=11425/15360MB temp=32Cutil=0% mem=11405/15360MB temp=32Cutil=0% mem=11405/15360MB temp=32C
[GPU 10:29:45] util=12% mem=11495/15360MB temp=32Cutil=0% mem=11425/15360MB temp=32Cutil=0% mem=11405/15360MB temp=32Cutil=0% mem=11405/15360MB temp=32C
[GPU 10:34:45] util=2% mem=11515/15360MB temp=32Cutil=0% mem=11415/15360MB temp=32Cutil=0% mem=11395/15360MB temp=32Cutil=0% mem=11395/15360MB temp=32C
[GPU 10:39:45] util=13% mem=11543/15360MB temp=32Cutil=0% mem=11415/15360MB temp=32Cutil=0% mem=11395/15360MB temp=32Cutil=0% mem=11395/15360MB temp=32C
[GPU 10:44:45] util=13% mem=11575/15360MB temp=32Cutil=0% mem=11415/15360MB temp=32Cutil=0% mem=11395/15360MB temp=32Cutil=0% mem=11395/15360MB temp=32C
[GPU 10:49:45] util=0% mem=11579/15360MB temp=32Cutil=0% mem=11413/15360MB temp=32Cutil=0% mem=11393/15360MB temp=32Cutil=0% mem=11393/15360MB temp=32C
[GPU 10:54:45] util=13% mem=11579/15360MB temp=32Cutil=0% mem=11413/15360MB temp=32Cutil=0% mem=11393/15360MB temp=32Cutil=0% mem=11393/15360MB temp=32C
[GPU 10:59:45] util=13% mem=11579/15360MB temp=32Cutil=0% mem=11413/15360MB temp=32Cutil=0% mem=11393/15360MB temp=32Cutil=0% mem=11393/15360MB temp=32C
[GPU 11:04:46] util=0% mem=11579/15360MB temp=32Cutil=0% mem=11413/15360MB temp=32Cutil=0% mem=11393/15360MB temp=32Cutil=0% mem=11393/15360MB temp=32C
[GPU 11:09:46] util=13% mem=11579/15360MB temp=32Cutil=0% mem=11413/15360MB temp=32Cutil=0% mem=11393/15360MB temp=32Cutil=0% mem=11393/15360MB temp=32C
[GPU 11:14:46] util=13% mem=11579/15360MB temp=32Cutil=0% mem=11413/15360MB temp=32Cutil=0% mem=11393/15360MB temp=32Cutil=0% mem=11393/15360MB temp=32C
[GPU 11:19:46] util=0% mem=11579/15360MB temp=32Cutil=0% mem=11413/15360MB temp=32Cutil=0% mem=11393/15360MB temp=32Cutil=0% mem=11393/15360MB temp=32C
[GPU 11:24:46] util=0% mem=11579/15360MB temp=32Cutil=0% mem=11413/15360MB temp=32Cutil=0% mem=11393/15360MB temp=32Cutil=0% mem=11393/15360MB temp=32C
[GPU 11:29:46] util=0% mem=11579/15360MB temp=32Cutil=0% mem=11413/15360MB temp=32Cutil=0% mem=11393/15360MB temp=32Cutil=0% mem=11393/15360MB temp=32C
[GPU 11:34:46] util=13% mem=11579/15360MB temp=32Cutil=0% mem=11413/15360MB temp=32Cutil=0% mem=11393/15360MB temp=32Cutil=0% mem=11393/15360MB temp=32C
[GPU 11:39:46] util=0% mem=11579/15360MB temp=32Cutil=0% mem=11413/15360MB temp=32Cutil=0% mem=11393/15360MB temp=32Cutil=0% mem=11393/15360MB temp=32C
[GPU 11:44:46] util=0% mem=11579/15360MB temp=32Cutil=0% mem=11413/15360MB temp=32Cutil=0% mem=11393/15360MB temp=32Cutil=0% mem=11393/15360MB temp=32C
[GPU 11:49:46] util=0% mem=11579/15360MB temp=32Cutil=0% mem=11413/15360MB temp=32Cutil=0% mem=11393/15360MB temp=32Cutil=0% mem=11393/15360MB temp=32C
[GPU 11:54:46] util=13% mem=11579/15360MB temp=32Cutil=0% mem=11413/15360MB temp=32Cutil=0% mem=11393/15360MB temp=32Cutil=0% mem=11393/15360MB temp=32C
[GPU 11:59:46] util=0% mem=11579/15360MB temp=32Cutil=0% mem=11413/15360MB temp=32Cutil=0% mem=11393/15360MB temp=32Cutil=0% mem=11393/15360MB temp=32C
[GPU 12:04:46] util=13% mem=11579/15360MB temp=32Cutil=0% mem=11413/15360MB temp=32Cutil=0% mem=11393/15360MB temp=32Cutil=0% mem=11393/15360MB temp=32C
[GPU 12:09:46] util=0% mem=11579/15360MB temp=32Cutil=0% mem=11413/15360MB temp=32Cutil=0% mem=11393/15360MB temp=32Cutil=0% mem=11393/15360MB temp=32C
[GPU 12:14:46] util=13% mem=11579/15360MB temp=32Cutil=0% mem=11413/15360MB temp=32Cutil=0% mem=11393/15360MB temp=32Cutil=0% mem=11393/15360MB temp=32C
[GPU 12:19:46] util=13% mem=11579/15360MB temp=32Cutil=0% mem=11413/15360MB temp=32Cutil=0% mem=11393/15360MB temp=32Cutil=0% mem=11393/15360MB temp=32C
[GPU 12:24:46] util=0% mem=11579/15360MB temp=32Cutil=0% mem=11413/15360MB temp=32Cutil=0% mem=11393/15360MB temp=32Cutil=0% mem=11393/15360MB temp=32C
[GPU 12:29:46] util=0% mem=11579/15360MB temp=32Cutil=0% mem=11413/15360MB temp=32Cutil=0% mem=11393/15360MB temp=32Cutil=0% mem=11393/15360MB temp=32C
[GPU 12:34:46] util=0% mem=11579/15360MB temp=32Cutil=0% mem=11413/15360MB temp=32Cutil=0% mem=11393/15360MB temp=32Cutil=0% mem=11393/15360MB temp=32C
[GPU 12:39:47] util=12% mem=11579/15360MB temp=32Cutil=0% mem=11413/15360MB temp=32Cutil=0% mem=11393/15360MB temp=32Cutil=0% mem=11393/15360MB temp=32C
[GPU 12:44:47] util=13% mem=11579/15360MB temp=32Cutil=0% mem=11413/15360MB temp=32Cutil=0% mem=11393/15360MB temp=32Cutil=0% mem=11393/15360MB temp=32C
[GPU 12:49:47] util=7% mem=11579/15360MB temp=32Cutil=0% mem=11413/15360MB temp=32Cutil=0% mem=11393/15360MB temp=32Cutil=0% mem=11393/15360MB temp=32C
[GPU 12:54:47] util=0% mem=11579/15360MB temp=32Cutil=0% mem=11413/15360MB temp=32Cutil=0% mem=11393/15360MB temp=32Cutil=0% mem=11393/15360MB temp=32C
[GPU 12:59:47] util=0% mem=11579/15360MB temp=32Cutil=0% mem=11413/15360MB temp=32Cutil=0% mem=11393/15360MB temp=32Cutil=0% mem=11393/15360MB temp=32C
[GPU 13:04:47] util=0% mem=11579/15360MB temp=32Cutil=0% mem=11413/15360MB temp=32Cutil=0% mem=11393/15360MB temp=32Cutil=0% mem=11393/15360MB temp=32C
[GPU 13:09:47] util=2% mem=11579/15360MB temp=32Cutil=0% mem=11413/15360MB temp=32Cutil=0% mem=11393/15360MB temp=32Cutil=0% mem=11393/15360MB temp=32C
[GPU 13:14:47] util=0% mem=11579/15360MB temp=32Cutil=0% mem=11413/15360MB temp=32Cutil=0% mem=11393/15360MB temp=32Cutil=0% mem=11393/15360MB temp=32C
[GPU 13:19:47] util=0% mem=11579/15360MB temp=32Cutil=0% mem=11413/15360MB temp=32Cutil=0% mem=11393/15360MB temp=32Cutil=0% mem=11393/15360MB temp=32C
