============================================================
Multi-GPU Bayesian Fit — wmrl_m6b (chains via pmap)
============================================================
Job ID: 55208631
Node: m3t100
Project: /fs04/fc37/adam/projects/rlwm_trauma_analysis
Model: wmrl_m6b
Chains: 4  Warmup: 1000  Samples: 2000
Max tree depth: 10  Seed: 42
Output subdir: 33_single_alpha
Commit: fb16fc4 [18 dirty] — fix(33-01): wire OUT_SUBDIR through 13_bayesian_multigpu.slurm
Start time: Sun May 10 11:57:15 AM AEST 2026
============================================================
Activated rlwm_gpu by name
JAX 0.9.0 devices: [CudaDevice(id=0), CudaDevice(id=1), CudaDevice(id=2), CudaDevice(id=3)]
GPU count: 4

JAX cache: /scratch/fc37/aman0087/.jax_cache_mgpu_wmrl_m6b


[Sun May 10 11:57:35 AM AEST 2026] Starting multi-GPU Bayesian fit for wmrl_m6b
================================================================================
BAYESIAN WMRL_M6B FIT WITH JAX/NUMPYRO
================================================================================

Settings:
  Model: wmrl_m6b
  Data: data/processed/task_trials_long.csv
  Min block: 3 (excludes practice)
  Chains: 4
  Warmup: 1000
  Samples: 2000
  Max tree depth: 10
  Output: /fs04/fc37/adam/projects/rlwm_trauma_analysis/models/bayesian
  Seed: 42
  Output subdir: bayesian/33_single_alpha/ (Phase 21 layout)
  Kappa parameterization: softmax
  JAX devices: 4

>> Loading data from: data/processed/task_trials_long.csv
Analysis cohort breakdown (total observed N=178):
  Task-complete (>= 400 trials, >= 8 blocks): 178
  Overall accuracy >= 0.4: 176
  Late-block accuracy >= 0.5 (last 5): 158
  Both performance gates: 158
  Scale-complete (5 cols): 186
  Final cohort (intersection − manual exclusions): 158
  Analysis cohort (v4.0): task-complete + performance-check + scale-complete
  Loaded 114872 trials from 178 participants
  Excluded 20 participants outside cohort
  Final sample: 158 participants
  Filtered to blocks >= 3: 114872 trials remain
  Dropped NaN values in critical columns: 114872 trials remain

>> Data summary:
  Participants: 158
  Blocks: 21
  Total trials: 114872
  Trials per participant: 727
    Participant 9187: 990 trials, 17 blocks
    Participant 10000: 988 trials, 17 blocks
    Participant 10002: 986 trials, 17 blocks
    Participant 10003: 973 trials, 17 blocks
    Participant 10004: 990 trials, 17 blocks
    Participant 10005: 985 trials, 17 blocks
    Participant 10006: 987 trials, 17 blocks
    Participant 10016: 987 trials, 17 blocks
    Participant 10017: 986 trials, 17 blocks
    Participant 10018: 986 trials, 17 blocks
    Participant 10024: 718 trials, 12 blocks
    Participant 10025: 414 trials, 8 blocks
    Participant 10027: 718 trials, 12 blocks
    Participant 10029: 720 trials, 12 blocks
    Participant 10030: 716 trials, 12 blocks
    Participant 10031: 719 trials, 12 blocks
    Participant 10035: 717 trials, 12 blocks
    Participant 10036: 713 trials, 12 blocks
    Participant 10039: 711 trials, 12 blocks
    Participant 10041: 696 trials, 12 blocks
    Participant 10043: 716 trials, 12 blocks
    Participant 10044: 716 trials, 12 blocks
    Participant 10047: 717 trials, 12 blocks
    Participant 10050: 717 trials, 12 blocks
    Participant 10051: 709 trials, 12 blocks
    Participant 10052: 709 trials, 12 blocks
    Participant 10055: 719 trials, 12 blocks
    Participant 10057: 712 trials, 12 blocks
    Participant 10058: 697 trials, 12 blocks
    Participant 10059: 718 trials, 12 blocks
    Participant 10062: 718 trials, 12 blocks
    Participant 10063: 713 trials, 12 blocks
    Participant 10064: 712 trials, 12 blocks
    Participant 10065: 719 trials, 12 blocks
    Participant 10066: 706 trials, 12 blocks
    Participant 10067: 716 trials, 12 blocks
    Participant 10071: 720 trials, 12 blocks
    Participant 10072: 718 trials, 12 blocks
    Participant 10073: 718 trials, 12 blocks
    Participant 10074: 717 trials, 12 blocks
    Participant 10075: 717 trials, 12 blocks
    Participant 10076: 710 trials, 12 blocks
    Participant 10077: 719 trials, 12 blocks
    Participant 10078: 719 trials, 12 blocks
    Participant 10079: 719 trials, 12 blocks
    Participant 10081: 716 trials, 12 blocks
    Participant 10083: 703 trials, 12 blocks
    Participant 10084: 717 trials, 12 blocks
    Participant 10086: 630 trials, 12 blocks
    Participant 10087: 714 trials, 12 blocks
    Participant 10088: 720 trials, 12 blocks
    Participant 10089: 716 trials, 12 blocks
    Participant 10092: 714 trials, 12 blocks
    Participant 10093: 712 trials, 12 blocks
    Participant 10094: 709 trials, 12 blocks
    Participant 10095: 712 trials, 12 blocks
    Participant 10097: 717 trials, 12 blocks
    Participant 10098: 712 trials, 12 blocks
    Participant 10099: 714 trials, 12 blocks
    Participant 10101: 715 trials, 12 blocks
    Participant 10102: 716 trials, 12 blocks
    Participant 10103: 719 trials, 12 blocks
    Participant 10104: 715 trials, 12 blocks
    Participant 10106: 719 trials, 12 blocks
    Participant 10107: 714 trials, 12 blocks
    Participant 10109: 719 trials, 12 blocks
    Participant 10110: 719 trials, 12 blocks
    Participant 10111: 713 trials, 12 blocks
    Participant 10112: 707 trials, 12 blocks
    Participant 10114: 709 trials, 12 blocks
    Participant 10115: 711 trials, 12 blocks
    Participant 10116: 718 trials, 12 blocks
    Participant 10117: 715 trials, 12 blocks
    Participant 10120: 715 trials, 12 blocks
    Participant 10121: 711 trials, 12 blocks
    Participant 10125: 717 trials, 12 blocks
    Participant 10126: 719 trials, 12 blocks
    Participant 10128: 705 trials, 12 blocks
    Participant 10130: 713 trials, 12 blocks
    Participant 10135: 704 trials, 12 blocks
    Participant 10137: 718 trials, 12 blocks
    Participant 10140: 715 trials, 12 blocks
    Participant 10141: 716 trials, 12 blocks
    Participant 10142: 719 trials, 12 blocks
    Participant 10143: 719 trials, 12 blocks
    Participant 10145: 713 trials, 12 blocks
    Participant 10147: 716 trials, 12 blocks
    Participant 10148: 705 trials, 12 blocks
    Participant 10149: 713 trials, 12 blocks
    Participant 10150: 715 trials, 12 blocks
    Participant 10151: 717 trials, 12 blocks
    Participant 10152: 719 trials, 12 blocks
    Participant 10154: 717 trials, 12 blocks
    Participant 10155: 713 trials, 12 blocks
    Participant 10156: 712 trials, 12 blocks
    Participant 10157: 719 trials, 12 blocks
    Participant 10158: 716 trials, 12 blocks
    Participant 10159: 716 trials, 12 blocks
    Participant 10160: 717 trials, 12 blocks
    Participant 10162: 714 trials, 12 blocks
    Participant 10163: 719 trials, 12 blocks
    Participant 10164: 719 trials, 12 blocks
    Participant 10165: 713 trials, 12 blocks
    Participant 10166: 714 trials, 12 blocks
    Participant 10168: 718 trials, 12 blocks
    Participant 10169: 713 trials, 12 blocks
    Participant 10170: 718 trials, 12 blocks
    Participant 10171: 718 trials, 12 blocks
    Participant 10172: 719 trials, 12 blocks
    Participant 10174: 714 trials, 12 blocks
    Participant 10175: 717 trials, 12 blocks
    Participant 10177: 715 trials, 12 blocks
    Participant 10178: 718 trials, 12 blocks
    Participant 10179: 716 trials, 12 blocks
    Participant 10180: 708 trials, 12 blocks
    Participant 10181: 719 trials, 12 blocks
    Participant 10182: 696 trials, 12 blocks
    Participant 10183: 719 trials, 12 blocks
    Participant 10185: 710 trials, 12 blocks
    Participant 10186: 718 trials, 12 blocks
    Participant 10190: 600 trials, 12 blocks
    Participant 10191: 708 trials, 12 blocks
    Participant 10192: 709 trials, 12 blocks
    Participant 10196: 718 trials, 12 blocks
    Participant 10197: 716 trials, 12 blocks
    Participant 10198: 479 trials, 11 blocks
    Participant 10199: 710 trials, 12 blocks
    Participant 10200: 719 trials, 12 blocks
    Participant 10201: 719 trials, 12 blocks
    Participant 10202: 718 trials, 12 blocks
    Participant 10203: 716 trials, 12 blocks
    Participant 10204: 718 trials, 12 blocks
    Participant 10208: 694 trials, 12 blocks
    Participant 10209: 715 trials, 12 blocks
    Participant 10212: 716 trials, 12 blocks
    Participant 10215: 719 trials, 12 blocks
    Participant 10216: 717 trials, 12 blocks
    Participant 10217: 719 trials, 12 blocks
    Participant 10218: 694 trials, 12 blocks
    Participant 10220: 718 trials, 12 blocks
    Participant 10221: 707 trials, 12 blocks
    Participant 10222: 710 trials, 12 blocks
    Participant 10225: 713 trials, 12 blocks
    Participant 10226: 718 trials, 12 blocks
    Participant 10227: 717 trials, 12 blocks
    Participant 10228: 712 trials, 12 blocks
    Participant 10229: 707 trials, 12 blocks
    Participant 10234: 708 trials, 12 blocks
    Participant 10235: 720 trials, 12 blocks
    Participant 10236: 718 trials, 12 blocks
    Participant 10239: 718 trials, 12 blocks
    Participant 10240: 720 trials, 12 blocks
    Participant 10241: 720 trials, 12 blocks
    Participant 10242: 719 trials, 12 blocks
    Participant 10243: 711 trials, 12 blocks
    Participant 10245: 719 trials, 12 blocks
    Participant 10246: 715 trials, 12 blocks
    Participant 10248: 718 trials, 12 blocks

================================================================================
FITTING WMRL-M6B HIERARCHICAL MODEL
================================================================================

>> Preparing stacked participant data...
  Prepared 158 participants (sorted by ID)
  LEC covariate loaded: mean=9.87, std=3.44, n=158

>> Running MCMC inference (NUTS + convergence auto-bump)...
>> Starting MCMC sampling with convergence auto-bump...
   Chains: 4
   Host devices: 4
   Warmup: 1000
   Samples: 2000
   Max tree depth: 10
   Total iterations per chain: 3000
   Acceptance probability schedule: (0.8, 0.95, 0.99)

============================================================
>> JAX / NumPyro configuration
   backend            : gpu
   devices            : [CudaDevice(id=0), CudaDevice(id=1), CudaDevice(id=2), CudaDevice(id=3)]
   local_device_count : 4
   x64 enabled        : False
   chain_method       : parallel
   num_chains         : 4
   NUMPYRO_HOST_DEVICE_COUNT        = 4
   XLA_PYTHON_CLIENT_PREALLOCATE    = <unset>
   XLA_PYTHON_CLIENT_MEM_FRACTION   = <unset>
   JAX_COMPILATION_CACHE_DIR        = /scratch/fc37/aman0087/.jax_cache_mgpu_wmrl_m6b
   JAX_PERSISTENT_CACHE_MIN_ENTRY_SIZE_BYTES = 0
   CUDA_VISIBLE_DEVICES             = 0,1,2,3
============================================================

   Backend: gpu | chain_method: parallel
[timing] target_accept_prob=0.80 wall=8705.1s
[convergence-gate] target_accept_prob=0.80 divergences=0
[convergence-gate] Zero divergences — accepting this run.

================================================================================
WMRL-M6B POSTERIOR ESTIMATES — GROUP LEVEL
================================================================================
  alpha_mu_pr: -2.481 +/- 0.023
  capacity_mu_pr: -1.134 +/- 0.143
  epsilon_mu_pr: -1.439 +/- 0.028
  kappa_share_mu_pr: -0.864 +/- 0.132
  kappa_total_mu_pr: 1.294 +/- 0.134
  phi_mu_pr: -1.119 +/- 0.037
  rho_mu_pr: -0.788 +/- 0.041
  beta_lec_kappa_share: mean=0.2832 +/- 0.1352, 95% HDI=[0.0180, 0.5501]
    HDI excludes zero (positive direction)
  beta_lec_kappa_total: mean=0.0997 +/- 0.0661, 95% HDI=[-0.0217, 0.2397]
    HDI includes zero

================================================================================
SAVING RESULTS
================================================================================

>> Computing pointwise log-likelihoods...
  Pointwise log-lik shape: (4, 2000, 158, 1700)
  Padding positions set to NaN for WAIC/LOO.

>> Building ArviZ InferenceData...

>> Checking convergence gate...
[convergence-gate] model=wmrl_m6b max_rhat=1.040 min_ess_bulk=77 divergences=0 min_bfmi=0.72 allow_gate_failure=False

[CONVERGENCE GATE FAILED] max_rhat=1.0400, min_ess_bulk=77, divergences=0, min_bfmi=0.724
Refusing to write output files. Fix convergence issues and re-run.

================================================================================
FITTING COMPLETE!
================================================================================

[Sun May 10 02:26:39 PM AEST 2026] Fit finished (exit code: 0)
