============================================================
Stage 04b — Choice-Only Hierarchical Bayesian Fit (CPU)
============================================================
Job ID:         55176476
Node:           m3s109
Project:        /fs04/fc37/adam/projects/rlwm_trauma_analysis
Model:          wmrl_m6b
Chains:         4
Warmup:         1000
Samples:        2000
Seed:           42
Max tree depth: 8
Subscale:       0
Kappa param:    convex
Out subdir:     32_full_convex
Start time:     Wed May  6 01:08:48 AM AEST 2026
============================================================
Activated rlwm_gpu by name
WARNING: pip install -e . --no-deps failed; 'import rlwm' may fail downstream
JAX version: 0.9.0, platforms: [CpuDevice(id=0)]

JAX cache: /scratch/fc37/aman0087/.jax_cache_bayesian
[Wed May  6 01:09:11 AM AEST 2026] Clearing stale wmrl_m6b artefacts from models/bayesian/32_full_convex/

[Wed May  6 01:09:11 AM AEST 2026] Starting wmrl_m6b hierarchical Bayesian fit (subscale=0)
  Command: python scripts/04_model_fitting/b_bayesian/fit_baseline.py --model wmrl_m6b --data data/processed/task_trials_long.csv --chains 4 --warmup 1000 --samples 2000 --seed 42 --max-tree-depth 8 --kappa-parameterization convex --output-subdir 32_full_convex
================================================================================
STEP 21.3 — BASELINE HIERARCHICAL FIT (NO L2)
================================================================================
  Model: wmrl_m6b
  Data: data/processed/task_trials_long.csv
  Chains: 4
  Warmup: 1000
  Samples: 2000
  Seed: 42
  Max tree depth: 8
  Output: /fs04/fc37/adam/projects/rlwm_trauma_analysis/models
  Output subdir: bayesian/32_full_convex/ (override)
  Kappa parameterization: convex
================================================================================
================================================================================
BAYESIAN WMRL_M6B FIT WITH JAX/NUMPYRO
================================================================================

Settings:
  Model: wmrl_m6b
  Data: data/processed/task_trials_long.csv
  Min block: 3 (excludes practice)
  Chains: 4
  Warmup: 1000
  Samples: 2000
  Max tree depth: 8
  Output: /fs04/fc37/adam/projects/rlwm_trauma_analysis/models
  Seed: 42
  Output subdir: bayesian/32_full_convex/ (Phase 21 layout)
  Kappa parameterization: convex
  JAX devices: 1

>> Loading data from: data/processed/task_trials_long.csv
Analysis cohort breakdown (total observed N=178):
  Task-complete (>= 400 trials, >= 8 blocks): 178
  Overall accuracy >= 0.4: 176
  Late-block accuracy >= 0.5 (last 5): 158
  Both performance gates: 158
  Scale-complete (5 cols): 186
  Final cohort (intersection − manual exclusions): 158
  Analysis cohort (v4.0): task-complete + performance-check + scale-complete
  Loaded 114872 trials from 178 participants
  Excluded 20 participants outside cohort
  Final sample: 158 participants
  Filtered to blocks >= 3: 114872 trials remain
  Dropped NaN values in critical columns: 114872 trials remain

>> Data summary:
  Participants: 158
  Blocks: 21
  Total trials: 114872
  Trials per participant: 727
    Participant 9187: 990 trials, 17 blocks
    Participant 10000: 988 trials, 17 blocks
    Participant 10002: 986 trials, 17 blocks
    Participant 10003: 973 trials, 17 blocks
    Participant 10004: 990 trials, 17 blocks
    Participant 10005: 985 trials, 17 blocks
    Participant 10006: 987 trials, 17 blocks
    Participant 10016: 987 trials, 17 blocks
    Participant 10017: 986 trials, 17 blocks
    Participant 10018: 986 trials, 17 blocks
    Participant 10024: 718 trials, 12 blocks
    Participant 10025: 414 trials, 8 blocks
    Participant 10027: 718 trials, 12 blocks
    Participant 10029: 720 trials, 12 blocks
    Participant 10030: 716 trials, 12 blocks
    Participant 10031: 719 trials, 12 blocks
    Participant 10035: 717 trials, 12 blocks
    Participant 10036: 713 trials, 12 blocks
    Participant 10039: 711 trials, 12 blocks
    Participant 10041: 696 trials, 12 blocks
    Participant 10043: 716 trials, 12 blocks
    Participant 10044: 716 trials, 12 blocks
    Participant 10047: 717 trials, 12 blocks
    Participant 10050: 717 trials, 12 blocks
    Participant 10051: 709 trials, 12 blocks
    Participant 10052: 709 trials, 12 blocks
    Participant 10055: 719 trials, 12 blocks
    Participant 10057: 712 trials, 12 blocks
    Participant 10058: 697 trials, 12 blocks
    Participant 10059: 718 trials, 12 blocks
    Participant 10062: 718 trials, 12 blocks
    Participant 10063: 713 trials, 12 blocks
    Participant 10064: 712 trials, 12 blocks
    Participant 10065: 719 trials, 12 blocks
    Participant 10066: 706 trials, 12 blocks
    Participant 10067: 716 trials, 12 blocks
    Participant 10071: 720 trials, 12 blocks
    Participant 10072: 718 trials, 12 blocks
    Participant 10073: 718 trials, 12 blocks
    Participant 10074: 717 trials, 12 blocks
    Participant 10075: 717 trials, 12 blocks
    Participant 10076: 710 trials, 12 blocks
    Participant 10077: 719 trials, 12 blocks
    Participant 10078: 719 trials, 12 blocks
    Participant 10079: 719 trials, 12 blocks
    Participant 10081: 716 trials, 12 blocks
    Participant 10083: 703 trials, 12 blocks
    Participant 10084: 717 trials, 12 blocks
    Participant 10086: 630 trials, 12 blocks
    Participant 10087: 714 trials, 12 blocks
    Participant 10088: 720 trials, 12 blocks
    Participant 10089: 716 trials, 12 blocks
    Participant 10092: 714 trials, 12 blocks
    Participant 10093: 712 trials, 12 blocks
    Participant 10094: 709 trials, 12 blocks
    Participant 10095: 712 trials, 12 blocks
    Participant 10097: 717 trials, 12 blocks
    Participant 10098: 712 trials, 12 blocks
    Participant 10099: 714 trials, 12 blocks
    Participant 10101: 715 trials, 12 blocks
    Participant 10102: 716 trials, 12 blocks
    Participant 10103: 719 trials, 12 blocks
    Participant 10104: 715 trials, 12 blocks
    Participant 10106: 719 trials, 12 blocks
    Participant 10107: 714 trials, 12 blocks
    Participant 10109: 719 trials, 12 blocks
    Participant 10110: 719 trials, 12 blocks
    Participant 10111: 713 trials, 12 blocks
    Participant 10112: 707 trials, 12 blocks
    Participant 10114: 709 trials, 12 blocks
    Participant 10115: 711 trials, 12 blocks
    Participant 10116: 718 trials, 12 blocks
    Participant 10117: 715 trials, 12 blocks
    Participant 10120: 715 trials, 12 blocks
    Participant 10121: 711 trials, 12 blocks
    Participant 10125: 717 trials, 12 blocks
    Participant 10126: 719 trials, 12 blocks
    Participant 10128: 705 trials, 12 blocks
    Participant 10130: 713 trials, 12 blocks
    Participant 10135: 704 trials, 12 blocks
    Participant 10137: 718 trials, 12 blocks
    Participant 10140: 715 trials, 12 blocks
    Participant 10141: 716 trials, 12 blocks
    Participant 10142: 719 trials, 12 blocks
    Participant 10143: 719 trials, 12 blocks
    Participant 10145: 713 trials, 12 blocks
    Participant 10147: 716 trials, 12 blocks
    Participant 10148: 705 trials, 12 blocks
    Participant 10149: 713 trials, 12 blocks
    Participant 10150: 715 trials, 12 blocks
    Participant 10151: 717 trials, 12 blocks
    Participant 10152: 719 trials, 12 blocks
    Participant 10154: 717 trials, 12 blocks
    Participant 10155: 713 trials, 12 blocks
    Participant 10156: 712 trials, 12 blocks
    Participant 10157: 719 trials, 12 blocks
    Participant 10158: 716 trials, 12 blocks
    Participant 10159: 716 trials, 12 blocks
    Participant 10160: 717 trials, 12 blocks
    Participant 10162: 714 trials, 12 blocks
    Participant 10163: 719 trials, 12 blocks
    Participant 10164: 719 trials, 12 blocks
    Participant 10165: 713 trials, 12 blocks
    Participant 10166: 714 trials, 12 blocks
    Participant 10168: 718 trials, 12 blocks
    Participant 10169: 713 trials, 12 blocks
    Participant 10170: 718 trials, 12 blocks
    Participant 10171: 718 trials, 12 blocks
    Participant 10172: 719 trials, 12 blocks
    Participant 10174: 714 trials, 12 blocks
    Participant 10175: 717 trials, 12 blocks
    Participant 10177: 715 trials, 12 blocks
    Participant 10178: 718 trials, 12 blocks
    Participant 10179: 716 trials, 12 blocks
    Participant 10180: 708 trials, 12 blocks
    Participant 10181: 719 trials, 12 blocks
    Participant 10182: 696 trials, 12 blocks
    Participant 10183: 719 trials, 12 blocks
    Participant 10185: 710 trials, 12 blocks
    Participant 10186: 718 trials, 12 blocks
    Participant 10190: 600 trials, 12 blocks
    Participant 10191: 708 trials, 12 blocks
    Participant 10192: 709 trials, 12 blocks
    Participant 10196: 718 trials, 12 blocks
    Participant 10197: 716 trials, 12 blocks
    Participant 10198: 479 trials, 11 blocks
    Participant 10199: 710 trials, 12 blocks
    Participant 10200: 719 trials, 12 blocks
    Participant 10201: 719 trials, 12 blocks
    Participant 10202: 718 trials, 12 blocks
    Participant 10203: 716 trials, 12 blocks
    Participant 10204: 718 trials, 12 blocks
    Participant 10208: 694 trials, 12 blocks
    Participant 10209: 715 trials, 12 blocks
    Participant 10212: 716 trials, 12 blocks
    Participant 10215: 719 trials, 12 blocks
    Participant 10216: 717 trials, 12 blocks
    Participant 10217: 719 trials, 12 blocks
    Participant 10218: 694 trials, 12 blocks
    Participant 10220: 718 trials, 12 blocks
    Participant 10221: 707 trials, 12 blocks
    Participant 10222: 710 trials, 12 blocks
    Participant 10225: 713 trials, 12 blocks
    Participant 10226: 718 trials, 12 blocks
    Participant 10227: 717 trials, 12 blocks
    Participant 10228: 712 trials, 12 blocks
    Participant 10229: 707 trials, 12 blocks
    Participant 10234: 708 trials, 12 blocks
    Participant 10235: 720 trials, 12 blocks
    Participant 10236: 718 trials, 12 blocks
    Participant 10239: 718 trials, 12 blocks
    Participant 10240: 720 trials, 12 blocks
    Participant 10241: 720 trials, 12 blocks
    Participant 10242: 719 trials, 12 blocks
    Participant 10243: 711 trials, 12 blocks
    Participant 10245: 719 trials, 12 blocks
    Participant 10246: 715 trials, 12 blocks
    Participant 10248: 718 trials, 12 blocks

================================================================================
FITTING WMRL-M6B HIERARCHICAL MODEL
================================================================================

>> Preparing stacked participant data...
  Prepared 158 participants (sorted by ID)
  LEC covariate loaded: mean=9.87, std=3.44, n=158

>> Running MCMC inference (NUTS + convergence auto-bump)...
>> Starting MCMC sampling with convergence auto-bump...
   Chains: 4
   Host devices: 1
   Warmup: 1000
   Samples: 2000
   Max tree depth: 8
   Total iterations per chain: 3000
   Acceptance probability schedule: (0.8, 0.95, 0.99)

============================================================
>> JAX / NumPyro configuration
   backend            : cpu
   devices            : [CpuDevice(id=0)]
   local_device_count : 1
   x64 enabled        : False
   chain_method       : sequential
   num_chains         : 4
   NUMPYRO_HOST_DEVICE_COUNT        = 4
   XLA_PYTHON_CLIENT_PREALLOCATE    = <unset>
   XLA_PYTHON_CLIENT_MEM_FRACTION   = <unset>
   JAX_COMPILATION_CACHE_DIR        = /scratch/fc37/aman0087/.jax_cache_bayesian
   JAX_PERSISTENT_CACHE_MIN_ENTRY_SIZE_BYTES = 0
   CUDA_VISIBLE_DEVICES             = <unset>
============================================================

   Backend: cpu | chain_method: sequential

[Wed May  6 03:48:08 PM AEST 2026] wmrl_m6b hierarchical fit finished (exit code: 134)
ERROR: fit_baseline.py exited with code 134

============================================================
AUTO-PUSH: Committing and pushing results
============================================================
[main 5a3b961] bayesian_cpu job 55176476 results
 16 files changed, 2049 insertions(+), 66 deletions(-)
 create mode 100644 logs/04b_bayesian_gpu_55177920.err
 create mode 100644 logs/04b_bayesian_gpu_55177920.out
 create mode 100644 logs/bayesian_cpu_55176475.err
 create mode 100644 logs/bayesian_cpu_55176475.out
 create mode 100644 logs/bayesian_cpu_55176476.err
 create mode 100644 logs/bayesian_cpu_55176476.out
 create mode 100644 logs/bayesian_cpu_55177921.err
 create mode 100644 logs/bayesian_cpu_55177921.out
 create mode 100644 logs/cluster/33_bench/JIDS.env
 create mode 100644 logs/pscan_bench_55177923.err
 create mode 100644 logs/pscan_bench_55177923.out
 create mode 100644 models/bayesian/32_full_convex/wmrl_m6b_individual_fits.csv
 create mode 100644 models/bayesian/32_full_convex/wmrl_m6b_shrinkage_report.md
 create mode 100644 models/bayesian/33_bench_gpu_m3/wmrl_m3_individual_fits.csv
 create mode 100644 models/bayesian/33_bench_gpu_m3/wmrl_m3_shrinkage_report.md
To github.com:adammanoogian/rlwm_trauma_analysis
   db75ff8..5a3b961  main -> main
  Auto-push complete
