============================================================
Multi-GPU Bayesian Fit — wmrl_m5 (chains via pmap)
============================================================
Job ID: 55478079
Node: m3t100
Project: /fs04/fc37/adam/projects/rlwm_trauma_analysis
Model: wmrl_m5
Chains: 4  Warmup: 1000  Samples: 2000
Max tree depth: 10  Seed: 42
Output subdir: 33_single_alpha
Commit: b9a27ed [48 dirty] — fix(33-01): move pointwise log-lik stacking to CPU to avoid GPU OOM
Start time: Tue May 19 12:04:13 PM AEST 2026
============================================================
Activated rlwm_gpu by name
JAX 0.9.0 devices: [CudaDevice(id=0), CudaDevice(id=1), CudaDevice(id=2), CudaDevice(id=3)]
GPU count: 4

JAX cache: /scratch/fc37/aman0087/.jax_cache_mgpu_wmrl_m5


[Tue May 19 12:04:35 PM AEST 2026] Starting multi-GPU Bayesian fit for wmrl_m5
================================================================================
BAYESIAN WMRL_M5 FIT WITH JAX/NUMPYRO
================================================================================

Settings:
  Model: wmrl_m5
  Data: data/processed/task_trials_long.csv
  Min block: 3 (excludes practice)
  Chains: 4
  Warmup: 1000
  Samples: 2000
  Max tree depth: 10
  Output: /fs04/fc37/adam/projects/rlwm_trauma_analysis/models/bayesian
  Seed: 42
  Output subdir: bayesian/33_single_alpha/ (Phase 21 layout)
  Kappa parameterization: softmax
  JAX devices: 4

>> Loading data from: data/processed/task_trials_long.csv
Analysis cohort breakdown (total observed N=178):
  Task-complete (>= 400 trials, >= 8 blocks): 178
  Overall accuracy >= 0.4: 176
  Late-block accuracy >= 0.5 (last 5): 158
  Both performance gates: 158
  Scale-complete (5 cols): 186
  Final cohort (intersection − manual exclusions): 158
  Analysis cohort (v4.0): task-complete + performance-check + scale-complete
  Loaded 114872 trials from 178 participants
  Excluded 20 participants outside cohort
  Final sample: 158 participants
  Filtered to blocks >= 3: 114872 trials remain
  Dropped NaN values in critical columns: 114872 trials remain

>> Data summary:
  Participants: 158
  Blocks: 21
  Total trials: 114872
  Trials per participant: 727
    Participant 9187: 990 trials, 17 blocks
    Participant 10000: 988 trials, 17 blocks
    Participant 10002: 986 trials, 17 blocks
    Participant 10003: 973 trials, 17 blocks
    Participant 10004: 990 trials, 17 blocks
    Participant 10005: 985 trials, 17 blocks
    Participant 10006: 987 trials, 17 blocks
    Participant 10016: 987 trials, 17 blocks
    Participant 10017: 986 trials, 17 blocks
    Participant 10018: 986 trials, 17 blocks
    Participant 10024: 718 trials, 12 blocks
    Participant 10025: 414 trials, 8 blocks
    Participant 10027: 718 trials, 12 blocks
    Participant 10029: 720 trials, 12 blocks
    Participant 10030: 716 trials, 12 blocks
    Participant 10031: 719 trials, 12 blocks
    Participant 10035: 717 trials, 12 blocks
    Participant 10036: 713 trials, 12 blocks
    Participant 10039: 711 trials, 12 blocks
    Participant 10041: 696 trials, 12 blocks
    Participant 10043: 716 trials, 12 blocks
    Participant 10044: 716 trials, 12 blocks
    Participant 10047: 717 trials, 12 blocks
    Participant 10050: 717 trials, 12 blocks
    Participant 10051: 709 trials, 12 blocks
    Participant 10052: 709 trials, 12 blocks
    Participant 10055: 719 trials, 12 blocks
    Participant 10057: 712 trials, 12 blocks
    Participant 10058: 697 trials, 12 blocks
    Participant 10059: 718 trials, 12 blocks
    Participant 10062: 718 trials, 12 blocks
    Participant 10063: 713 trials, 12 blocks
    Participant 10064: 712 trials, 12 blocks
    Participant 10065: 719 trials, 12 blocks
    Participant 10066: 706 trials, 12 blocks
    Participant 10067: 716 trials, 12 blocks
    Participant 10071: 720 trials, 12 blocks
    Participant 10072: 718 trials, 12 blocks
    Participant 10073: 718 trials, 12 blocks
    Participant 10074: 717 trials, 12 blocks
    Participant 10075: 717 trials, 12 blocks
    Participant 10076: 710 trials, 12 blocks
    Participant 10077: 719 trials, 12 blocks
    Participant 10078: 719 trials, 12 blocks
    Participant 10079: 719 trials, 12 blocks
    Participant 10081: 716 trials, 12 blocks
    Participant 10083: 703 trials, 12 blocks
    Participant 10084: 717 trials, 12 blocks
    Participant 10086: 630 trials, 12 blocks
    Participant 10087: 714 trials, 12 blocks
    Participant 10088: 720 trials, 12 blocks
    Participant 10089: 716 trials, 12 blocks
    Participant 10092: 714 trials, 12 blocks
    Participant 10093: 712 trials, 12 blocks
    Participant 10094: 709 trials, 12 blocks
    Participant 10095: 712 trials, 12 blocks
    Participant 10097: 717 trials, 12 blocks
    Participant 10098: 712 trials, 12 blocks
    Participant 10099: 714 trials, 12 blocks
    Participant 10101: 715 trials, 12 blocks
    Participant 10102: 716 trials, 12 blocks
    Participant 10103: 719 trials, 12 blocks
    Participant 10104: 715 trials, 12 blocks
    Participant 10106: 719 trials, 12 blocks
    Participant 10107: 714 trials, 12 blocks
    Participant 10109: 719 trials, 12 blocks
    Participant 10110: 719 trials, 12 blocks
    Participant 10111: 713 trials, 12 blocks
    Participant 10112: 707 trials, 12 blocks
    Participant 10114: 709 trials, 12 blocks
    Participant 10115: 711 trials, 12 blocks
    Participant 10116: 718 trials, 12 blocks
    Participant 10117: 715 trials, 12 blocks
    Participant 10120: 715 trials, 12 blocks
    Participant 10121: 711 trials, 12 blocks
    Participant 10125: 717 trials, 12 blocks
    Participant 10126: 719 trials, 12 blocks
    Participant 10128: 705 trials, 12 blocks
    Participant 10130: 713 trials, 12 blocks
    Participant 10135: 704 trials, 12 blocks
    Participant 10137: 718 trials, 12 blocks
    Participant 10140: 715 trials, 12 blocks
    Participant 10141: 716 trials, 12 blocks
    Participant 10142: 719 trials, 12 blocks
    Participant 10143: 719 trials, 12 blocks
    Participant 10145: 713 trials, 12 blocks
    Participant 10147: 716 trials, 12 blocks
    Participant 10148: 705 trials, 12 blocks
    Participant 10149: 713 trials, 12 blocks
    Participant 10150: 715 trials, 12 blocks
    Participant 10151: 717 trials, 12 blocks
    Participant 10152: 719 trials, 12 blocks
    Participant 10154: 717 trials, 12 blocks
    Participant 10155: 713 trials, 12 blocks
    Participant 10156: 712 trials, 12 blocks
    Participant 10157: 719 trials, 12 blocks
    Participant 10158: 716 trials, 12 blocks
    Participant 10159: 716 trials, 12 blocks
    Participant 10160: 717 trials, 12 blocks
    Participant 10162: 714 trials, 12 blocks
    Participant 10163: 719 trials, 12 blocks
    Participant 10164: 719 trials, 12 blocks
    Participant 10165: 713 trials, 12 blocks
    Participant 10166: 714 trials, 12 blocks
    Participant 10168: 718 trials, 12 blocks
    Participant 10169: 713 trials, 12 blocks
    Participant 10170: 718 trials, 12 blocks
    Participant 10171: 718 trials, 12 blocks
    Participant 10172: 719 trials, 12 blocks
    Participant 10174: 714 trials, 12 blocks
    Participant 10175: 717 trials, 12 blocks
    Participant 10177: 715 trials, 12 blocks
    Participant 10178: 718 trials, 12 blocks
    Participant 10179: 716 trials, 12 blocks
    Participant 10180: 708 trials, 12 blocks
    Participant 10181: 719 trials, 12 blocks
    Participant 10182: 696 trials, 12 blocks
    Participant 10183: 719 trials, 12 blocks
    Participant 10185: 710 trials, 12 blocks
    Participant 10186: 718 trials, 12 blocks
    Participant 10190: 600 trials, 12 blocks
    Participant 10191: 708 trials, 12 blocks
    Participant 10192: 709 trials, 12 blocks
    Participant 10196: 718 trials, 12 blocks
    Participant 10197: 716 trials, 12 blocks
    Participant 10198: 479 trials, 11 blocks
    Participant 10199: 710 trials, 12 blocks
    Participant 10200: 719 trials, 12 blocks
    Participant 10201: 719 trials, 12 blocks
    Participant 10202: 718 trials, 12 blocks
    Participant 10203: 716 trials, 12 blocks
    Participant 10204: 718 trials, 12 blocks
    Participant 10208: 694 trials, 12 blocks
    Participant 10209: 715 trials, 12 blocks
    Participant 10212: 716 trials, 12 blocks
    Participant 10215: 719 trials, 12 blocks
    Participant 10216: 717 trials, 12 blocks
    Participant 10217: 719 trials, 12 blocks
    Participant 10218: 694 trials, 12 blocks
    Participant 10220: 718 trials, 12 blocks
    Participant 10221: 707 trials, 12 blocks
    Participant 10222: 710 trials, 12 blocks
    Participant 10225: 713 trials, 12 blocks
    Participant 10226: 718 trials, 12 blocks
    Participant 10227: 717 trials, 12 blocks
    Participant 10228: 712 trials, 12 blocks
    Participant 10229: 707 trials, 12 blocks
    Participant 10234: 708 trials, 12 blocks
    Participant 10235: 720 trials, 12 blocks
    Participant 10236: 718 trials, 12 blocks
    Participant 10239: 718 trials, 12 blocks
    Participant 10240: 720 trials, 12 blocks
    Participant 10241: 720 trials, 12 blocks
    Participant 10242: 719 trials, 12 blocks
    Participant 10243: 711 trials, 12 blocks
    Participant 10245: 719 trials, 12 blocks
    Participant 10246: 715 trials, 12 blocks
    Participant 10248: 718 trials, 12 blocks

================================================================================
FITTING WMRL-M5 HIERARCHICAL MODEL
================================================================================

>> Preparing stacked participant data...
  Prepared 158 participants (sorted by ID)
  LEC covariate loaded: mean=9.87, std=3.44, n=158

>> Running MCMC inference (NUTS + convergence auto-bump)...
>> Starting MCMC sampling with convergence auto-bump...
   Chains: 4
   Host devices: 4
   Warmup: 1000
   Samples: 2000
   Max tree depth: 10
   Total iterations per chain: 3000
   Acceptance probability schedule: (0.8, 0.95, 0.99)

============================================================
>> JAX / NumPyro configuration
   backend            : gpu
   devices            : [CudaDevice(id=0), CudaDevice(id=1), CudaDevice(id=2), CudaDevice(id=3)]
   local_device_count : 4
   x64 enabled        : False
   chain_method       : parallel
   num_chains         : 4
   NUMPYRO_HOST_DEVICE_COUNT        = 4
   XLA_PYTHON_CLIENT_PREALLOCATE    = <unset>
   XLA_PYTHON_CLIENT_MEM_FRACTION   = <unset>
   JAX_COMPILATION_CACHE_DIR        = /scratch/fc37/aman0087/.jax_cache_mgpu_wmrl_m5
   JAX_PERSISTENT_CACHE_MIN_ENTRY_SIZE_BYTES = 0
   CUDA_VISIBLE_DEVICES             = 0,1,2,3
============================================================

   Backend: gpu | chain_method: parallel
[timing] target_accept_prob=0.80 wall=6259.9s
[convergence-gate] target_accept_prob=0.80 divergences=0
[convergence-gate] Zero divergences — accepting this run.

================================================================================
WMRL-M5 POSTERIOR ESTIMATES — GROUP LEVEL
================================================================================
  alpha_mu_pr: -1.729 +/- 0.024
  capacity_mu_pr: -2.693 +/- 0.409
  epsilon_mu_pr: -1.487 +/- 0.027
  kappa_mu_pr: 0.361 +/- 0.050
  phi_mu_pr: -0.904 +/- 0.075
  phi_rl_mu_pr: -1.557 +/- 0.015
  rho_mu_pr: -0.992 +/- 0.054
  beta_lec_kappa: mean=0.0892 +/- 0.0508, 95% HDI=[-0.0048, 0.1919]
    HDI includes zero

================================================================================
SAVING RESULTS
================================================================================

>> Computing pointwise log-likelihoods...
  Pointwise log-lik shape: (4, 2000, 158, 1700)
  Padding positions set to NaN for WAIC/LOO.

>> Building ArviZ InferenceData...

>> Checking convergence gate...

  Per-parameter diagnostics (group-level _mu_pr sites):
    alpha_mu_pr                     r_hat=1.0000  ess_bulk=1849
    capacity_mu_pr                  r_hat=1.0000  ess_bulk=7299
    epsilon_mu_pr                   r_hat=1.0000  ess_bulk=2014
    kappa_mu_pr                     r_hat=1.0100  ess_bulk=787
    phi_mu_pr                       r_hat=1.0000  ess_bulk=1300
    phi_rl_mu_pr                    r_hat=1.0000  ess_bulk=4341
    rho_mu_pr                       r_hat=1.0000  ess_bulk=1885

  Worst individual-level parameters:
    [rhat] phi_rl[109]                               r_hat=1.0100
    [rhat] phi_rl[108]                               r_hat=1.0100
    [rhat] phi_rl[106]                               r_hat=1.0100
    [rhat] phi_rl[104]                               r_hat=1.0100
    [rhat] phi_rl[101]                               r_hat=1.0100
    [ess]  phi_rl[48]                                ess_bulk=1045
    [ess]  phi_rl[125]                               ess_bulk=1321
    [ess]  phi_rl[68]                                ess_bulk=1332
    [ess]  phi_rl[118]                               ess_bulk=1423
    [ess]  phi_rl[156]                               ess_bulk=1477

[convergence-gate] model=wmrl_m5 max_rhat=1.010 min_ess_bulk=1045 divergences=0 min_bfmi=0.74 allow_gate_failure=False

[CONVERGENCE GATE PASSED] max_rhat=1.0100, min_ess_bulk=1045, divergences=0, min_bfmi=0.741

>> Writing schema-parity CSV...
  Saved: /fs04/fc37/adam/projects/rlwm_trauma_analysis/models/bayesian/bayesian/33_single_alpha/wmrl_m5_individual_fits.csv
  Saved posterior NetCDF: /fs04/fc37/adam/projects/rlwm_trauma_analysis/models/bayesian/bayesian/33_single_alpha/wmrl_m5_posterior.nc

>> Computing WAIC and LOO...
  WARNING: WAIC failed: 'ELPDData' object has no attribute 'waic'
  WARNING: LOO failed: 'ELPDData' object has no attribute 'loo'

>> Computing shrinkage diagnostic...
  Shrinkage values:
    alpha: 0.641 (identified)
    phi: 0.516 (identified)
    rho: 0.520 (identified)
    capacity: 0.000 (WARNING: poorly identified)
    kappa: 0.909 (identified)
    phi_rl: 0.084 (WARNING: poorly identified)
    epsilon: 0.663 (identified)
  Saved: /fs04/fc37/adam/projects/rlwm_trauma_analysis/models/bayesian/bayesian/33_single_alpha/wmrl_m5_shrinkage_report.md

>> Running posterior predictive check...

[PPC] 17/17 blocks covered by 95% PPC envelope
[PPC] Results saved: /fs04/fc37/adam/projects/rlwm_trauma_analysis/models/bayesian/bayesian/33_single_alpha/wmrl_m5_ppc_results.csv
  PPC: 17/17 blocks covered by 95% envelope

>> All results saved successfully!

================================================================================
FITTING COMPLETE!
================================================================================

[Tue May 19 06:15:43 PM AEST 2026] Fit finished (exit code: 0)
