============================================================
Multi-GPU Bayesian Fit — wmrl_m6b (chains via pmap)
============================================================
Job ID: 55537692
Node: m3g107
Project: /fs04/fc37/adam/projects/rlwm_trauma_analysis
Model: wmrl_m6b
Chains: 4  Warmup: 1000  Samples: 2000
Max tree depth: 10  Seed: 42
Output subdir: 33_single_alpha
Commit: b9a27ed [104 dirty] — fix(33-01): move pointwise log-lik stacking to CPU to avoid GPU OOM
Start time: Thu May 21 07:21:42 AM AEST 2026
============================================================
Activated rlwm_gpu by name
JAX 0.9.0 devices: [CudaDevice(id=0), CudaDevice(id=1), CudaDevice(id=2), CudaDevice(id=3)]
GPU count: 4

JAX cache: /scratch/fc37/aman0087/.jax_cache_mgpu_wmrl_m6b


[Thu May 21 07:22:47 AM AEST 2026] Starting multi-GPU Bayesian fit for wmrl_m6b
================================================================================
BAYESIAN WMRL_M6B FIT WITH JAX/NUMPYRO
================================================================================

Settings:
  Model: wmrl_m6b
  Data: data/processed/task_trials_long.csv
  Min block: 3 (excludes practice)
  Chains: 4
  Warmup: 1000
  Samples: 2000
  Max tree depth: 10
  Output: /fs04/fc37/adam/projects/rlwm_trauma_analysis/models
  Seed: 42
  Output subdir: bayesian/33_single_alpha/ (Phase 21 layout)
  Kappa parameterization: softmax
  JAX devices: 4

>> Loading data from: data/processed/task_trials_long.csv
Analysis cohort breakdown (total observed N=178):
  Task-complete (>= 400 trials, >= 8 blocks): 178
  Overall accuracy >= 0.4: 176
  Late-block accuracy >= 0.5 (last 5): 158
  Both performance gates: 158
  Scale-complete (5 cols): 186
  Final cohort (intersection − manual exclusions): 158
  Analysis cohort (v4.0): task-complete + performance-check + scale-complete
  Loaded 114872 trials from 178 participants
  Excluded 20 participants outside cohort
  Final sample: 158 participants
  Filtered to blocks >= 3: 114872 trials remain
  Dropped NaN values in critical columns: 114872 trials remain

>> Data summary:
  Participants: 158
  Blocks: 21
  Total trials: 114872
  Trials per participant: 727
    Participant 9187: 990 trials, 17 blocks
    Participant 10000: 988 trials, 17 blocks
    Participant 10002: 986 trials, 17 blocks
    Participant 10003: 973 trials, 17 blocks
    Participant 10004: 990 trials, 17 blocks
    ... (158 total) ...
    Participant 10242: 719 trials, 12 blocks
    Participant 10243: 711 trials, 12 blocks
    Participant 10245: 719 trials, 12 blocks
    Participant 10246: 715 trials, 12 blocks
    Participant 10248: 718 trials, 12 blocks

================================================================================
FITTING WMRL-M6B HIERARCHICAL MODEL
================================================================================

>> Preparing stacked participant data...
  Prepared 158 participants (sorted by ID)
  LEC covariate loaded: mean=9.87, std=3.44, n=158

>> Running MCMC inference (NUTS + convergence auto-bump)...
>> Starting MCMC sampling with convergence auto-bump...
   Chains: 4
   Host devices: 4
   Warmup: 1000
   Samples: 2000
   Max tree depth: 10
   Total iterations per chain: 3000
   Acceptance probability schedule: (0.8, 0.95, 0.99)

============================================================
>> JAX / NumPyro configuration
   backend            : gpu
   devices            : [CudaDevice(id=0), CudaDevice(id=1), CudaDevice(id=2), CudaDevice(id=3)]
   local_device_count : 4
   x64 enabled        : False
   chain_method       : parallel
   num_chains         : 4
   NUMPYRO_HOST_DEVICE_COUNT        = 4
   XLA_PYTHON_CLIENT_PREALLOCATE    = <unset>
   XLA_PYTHON_CLIENT_MEM_FRACTION   = <unset>
   JAX_COMPILATION_CACHE_DIR        = /scratch/fc37/aman0087/.jax_cache_mgpu_wmrl_m6b
   JAX_PERSISTENT_CACHE_MIN_ENTRY_SIZE_BYTES = 0
   CUDA_VISIBLE_DEVICES             = 0,1,2,3
============================================================

   Backend: gpu | chain_method: parallel
[timing] target_accept_prob=0.80 wall=4354.3s
[convergence-gate] target_accept_prob=0.80 divergences=0
[convergence-gate] Zero divergences — accepting this run.

================================================================================
WMRL-M6B POSTERIOR ESTIMATES — GROUP LEVEL
================================================================================
  alpha_mu_pr: -2.480 +/- 0.023
  capacity_mu_pr: -1.134 +/- 0.143
  epsilon_mu_pr: -1.439 +/- 0.029
  kappa_share_mu_pr: -0.865 +/- 0.134
  kappa_total_mu_pr: 1.294 +/- 0.132
  phi_mu_pr: -1.118 +/- 0.038
  rho_mu_pr: -0.789 +/- 0.040
  beta_lec_kappa_share: mean=0.2816 +/- 0.1351, 95% HDI=[0.0179, 0.5443]
    HDI excludes zero (positive direction)
  beta_lec_kappa_total: mean=0.0980 +/- 0.0648, 95% HDI=[-0.0321, 0.2229]
    HDI includes zero

================================================================================
SAVING RESULTS
================================================================================

>> Computing pointwise log-likelihoods...
  Pointwise log-lik shape: (4, 2000, 158, 1700)
  Padding positions set to NaN for WAIC/LOO.

>> Building ArviZ InferenceData...

>> Checking convergence gate...

  Per-parameter diagnostics (group-level _mu_pr sites):
    alpha_mu_pr                     r_hat=1.0000  ess_bulk=1433
    capacity_mu_pr                  r_hat=1.0000  ess_bulk=3897
    epsilon_mu_pr                   r_hat=1.0000  ess_bulk=1636
    kappa_share_mu_pr               r_hat=1.0000  ess_bulk=1592
    kappa_total_mu_pr               r_hat=1.0100  ess_bulk=593
    phi_mu_pr                       r_hat=1.0000  ess_bulk=1884
    rho_mu_pr                       r_hat=1.0000  ess_bulk=2646

  Worst individual-level parameters:
    [rhat] kappa_total[78]                           r_hat=1.0500
    [rhat] kappa_share[78]                           r_hat=1.0400
    [rhat] kappa_total[108]                          r_hat=1.0000
    [rhat] kappa_total[107]                          r_hat=1.0000
    [rhat] kappa_total[106]                          r_hat=1.0000
    [ess]  kappa_total[78]                           ess_bulk=50
    [ess]  kappa_share[78]                           ess_bulk=64
    [ess]  kappa_total[28]                           ess_bulk=2189
    [ess]  capacity[45]                              ess_bulk=2211
    [ess]  kappa_total[56]                           ess_bulk=2367

[convergence-gate] model=wmrl_m6b max_rhat=1.050 min_ess_bulk=50 divergences=0 min_bfmi=0.74 allow_gate_failure=True

[CONVERGENCE GATE FAILED] max_rhat=1.0500, min_ess_bulk=50, divergences=0, min_bfmi=0.737
[--allow-gate-failure] Writing diagnostic artefacts despite gate failure (smoke / diagnostic mode). converged=False will be recorded in the CSV; downstream readers must check that column before treating the .nc as production-quality.

>> Writing schema-parity CSV...
  Saved: /fs04/fc37/adam/projects/rlwm_trauma_analysis/models/bayesian/33_single_alpha/wmrl_m6b_individual_fits.csv
  Saved posterior NetCDF: /fs04/fc37/adam/projects/rlwm_trauma_analysis/models/bayesian/33_single_alpha/wmrl_m6b_posterior.nc

>> Computing WAIC and LOO...
  WAIC (ELPD): nan (p_waic=nan)
  LOO (ELPD): nan (p_loo=nan)

>> Computing shrinkage diagnostic...
  Shrinkage values:
    alpha: 0.679 (identified)
    phi: 0.707 (identified)
    rho: 0.497 (identified)
    capacity: 0.102 (WARNING: poorly identified)
    kappa_total: 0.565 (identified)
    kappa_share: 0.887 (identified)
    epsilon: 0.742 (identified)
  Saved: /fs04/fc37/adam/projects/rlwm_trauma_analysis/models/bayesian/33_single_alpha/wmrl_m6b_shrinkage_report.md

>> Running posterior predictive check...

[PPC] 17/17 blocks covered by 95% PPC envelope
[PPC] Results saved: /fs04/fc37/adam/projects/rlwm_trauma_analysis/models/bayesian/33_single_alpha/wmrl_m6b_ppc_results.csv
  PPC: 17/17 blocks covered by 95% envelope

>> All results saved successfully!

================================================================================
FITTING COMPLETE!
================================================================================

[Thu May 21 11:25:41 AM AEST 2026] Fit finished (exit code: 0)
