========================================================================
SEQUENTIAL vs VECTORIZED PSCAN LIKELIHOOD BENCHMARK
(Phase 19 associative scan + Phase 20 vectorized policy)
========================================================================
Device:        NVIDIA L40S
JAX version:   0.9.0
Models:        qlearning, wmrl, wmrl_m3, wmrl_m5, wmrl_m6a, wmrl_m6b
N repeats:     20
N blocks:      17
Trials/block:  100
Timestamp:     2026-05-05T20:50:22.413069+00:00
========================================================================

Generating synthetic data...
  Shape: (17, 100) (blocks x trials_per_block)

────────────────────────────────────────────────────────────
Benchmarking: qlearning
────────────────────────────────────────────────────────────
  Compiling sequential... 898ms
  Compiling pscan... 677ms
  NLL sequential: -4097.093262
  NLL pscan:      -4097.092285
  NLL agreement:  2.38e-07 (abs diff: 9.77e-04)
  Timing sequential (20 repeats)... 167.08 +/- 13.82 ms
  Timing pscan (20 repeats)... 593.22 +/- 13.84 ms
  Speedup: 0.28x

────────────────────────────────────────────────────────────
Benchmarking: wmrl
────────────────────────────────────────────────────────────
  Compiling sequential... 268ms
  Compiling pscan... 1321ms
  NLL sequential: -3100.329834
  NLL pscan:      -3100.328613
  NLL agreement:  3.94e-07 (abs diff: 1.22e-03)
  Timing sequential (20 repeats)... 228.85 +/- 13.22 ms
  Timing pscan (20 repeats)... 1332.65 +/- 22.72 ms
  Speedup: 0.17x

────────────────────────────────────────────────────────────
Benchmarking: wmrl_m3
────────────────────────────────────────────────────────────
  Compiling sequential... 216ms
  Compiling pscan... 1346ms
  NLL sequential: -3821.785400
  NLL pscan:      -3821.785400
  NLL agreement:  0.00e+00 (abs diff: 0.00e+00)
  Timing sequential (20 repeats)... 221.05 +/- 25.26 ms
  Timing pscan (20 repeats)... 1312.84 +/- 27.12 ms
  Speedup: 0.17x

────────────────────────────────────────────────────────────
Benchmarking: wmrl_m5
────────────────────────────────────────────────────────────
  Compiling sequential... 221ms
  Compiling pscan... 1289ms
  NLL sequential: -3359.954102
  NLL pscan:      -3359.953857
  NLL agreement:  7.27e-08 (abs diff: 2.44e-04)
  Timing sequential (20 repeats)... 227.60 +/- 30.53 ms
  Timing pscan (20 repeats)... 1308.00 +/- 38.45 ms
  Speedup: 0.17x

────────────────────────────────────────────────────────────
Benchmarking: wmrl_m6a
────────────────────────────────────────────────────────────
  Compiling sequential... 264ms
  Compiling pscan... 1323ms
  NLL sequential: -3825.361572
  NLL pscan:      -3825.361572
  NLL agreement:  0.00e+00 (abs diff: 0.00e+00)
  Timing sequential (20 repeats)... 236.18 +/- 46.42 ms
  Timing pscan (20 repeats)... 1337.68 +/- 55.04 ms
  Speedup: 0.18x

────────────────────────────────────────────────────────────
Benchmarking: wmrl_m6b
────────────────────────────────────────────────────────────
  Compiling sequential... 248ms
  Compiling pscan... 1357ms
  NLL sequential: -3822.694580
  NLL pscan:      -3822.694092
  NLL agreement:  1.28e-07 (abs diff: 4.88e-04)
  Timing sequential (20 repeats)... 240.15 +/- 2.21 ms
  Timing pscan (20 repeats)... 1379.62 +/- 62.62 ms
  Speedup: 0.17x

========================================================================
SUMMARY
========================================================================
Model         Sequential (ms)   PScan (ms)   Speedup    NLL Agree
-----------------------------------------------------------------
qlearning          167.08       593.22       0.28x    2.38e-07
wmrl               228.85      1332.65       0.17x    3.94e-07
wmrl_m3            221.05      1312.85       0.17x    0.00e+00
wmrl_m5            227.60      1308.00       0.17x    7.27e-08
wmrl_m6a           236.18      1337.68       0.18x    0.00e+00
wmrl_m6b           240.15      1379.62       0.17x    1.28e-07
========================================================================
GPU peak memory: 0.1 MB

Results saved to: /fs04/fc37/adam/projects/rlwm_trauma_analysis/models/bayesian/pscan_benchmark_gpu.json
