============================================================
Phase 32-05 — Cluster Smoke Fit
============================================================
Job ID:         55170773
Node:           m3t100
Project:        /fs04/fc37/adam/projects/rlwm_trauma_analysis
MODEL:          wmrl_m5
KAPPA_MODE:     softmax
STAGE:          bayesian
SUBSAMPLE_N:    30
OUT_SUBDIR:     32_smoke_softmax
Start time:     Tue May  5 07:50:24 PM AEST 2026
============================================================
Activated rlwm_gpu by name
[Tue May  5 07:50:35 PM AEST 2026] Smoke subsample already exists: data/processed/task_trials_long_30p_smoke.csv
JAX cache: /scratch/fc37/aman0087/.jax_cache_32_smoke_bayesian_wmrl_m5_softmax

[Tue May  5 07:50:35 PM AEST 2026] Starting Bayesian smoke fit: MODEL=wmrl_m5 KAPPA_MODE=softmax
================================================================================
STEP 21.3 — BASELINE HIERARCHICAL FIT (NO L2)
================================================================================
  Model: wmrl_m5
  Data: data/processed/task_trials_long_30p_smoke.csv
  Chains: 4
  Warmup: 1000
  Samples: 2000
  Seed: 42
  Max tree depth: 10
  Output: /fs04/fc37/adam/projects/rlwm_trauma_analysis/models
  Output subdir: bayesian/32_smoke_softmax/ (override)
  Kappa parameterization: softmax
================================================================================
================================================================================
BAYESIAN WMRL_M5 FIT WITH JAX/NUMPYRO
================================================================================

Settings:
  Model: wmrl_m5
  Data: data/processed/task_trials_long_30p_smoke.csv
  Min block: 3 (excludes practice)
  Chains: 4
  Warmup: 1000
  Samples: 2000
  Max tree depth: 10
  Output: /fs04/fc37/adam/projects/rlwm_trauma_analysis/models
  Seed: 42
  Output subdir: bayesian/32_smoke_softmax/ (Phase 21 layout)
  Kappa parameterization: softmax
  JAX devices: 1

>> Loading data from: data/processed/task_trials_long_30p_smoke.csv
Analysis cohort breakdown (total observed N=30):
  Task-complete (>= 400 trials, >= 8 blocks): 30
  Overall accuracy >= 0.4: 30
  Late-block accuracy >= 0.5 (last 5): 27
  Both performance gates: 27
  Scale-complete (5 cols): 186
  Final cohort (intersection − manual exclusions): 27
  Analysis cohort (v4.0): task-complete + performance-check + scale-complete
  Loaded 21703 trials from 30 participants
  Excluded 3 participants outside cohort
  Final sample: 27 participants
  Filtered to blocks >= 3: 21703 trials remain
  Dropped NaN values in critical columns: 21703 trials remain

>> Data summary:
  Participants: 27
  Blocks: 21
  Total trials: 21703
  Trials per participant: 804
    Participant 9187: 990 trials, 17 blocks
    Participant 10000: 988 trials, 17 blocks
    Participant 10002: 986 trials, 17 blocks
    Participant 10003: 973 trials, 17 blocks
    Participant 10004: 990 trials, 17 blocks
    Participant 10005: 985 trials, 17 blocks
    Participant 10006: 987 trials, 17 blocks
    Participant 10016: 987 trials, 17 blocks
    Participant 10017: 986 trials, 17 blocks
    Participant 10018: 986 trials, 17 blocks
    Participant 10024: 718 trials, 12 blocks
    Participant 10025: 414 trials, 8 blocks
    Participant 10027: 718 trials, 12 blocks
    Participant 10029: 720 trials, 12 blocks
    Participant 10030: 716 trials, 12 blocks
    Participant 10031: 719 trials, 12 blocks
    Participant 10035: 717 trials, 12 blocks
    Participant 10036: 713 trials, 12 blocks
    Participant 10039: 711 trials, 12 blocks
    Participant 10041: 696 trials, 12 blocks
    Participant 10043: 716 trials, 12 blocks
    Participant 10044: 716 trials, 12 blocks
    Participant 10047: 717 trials, 12 blocks
    Participant 10050: 717 trials, 12 blocks
    Participant 10051: 709 trials, 12 blocks
    Participant 10052: 709 trials, 12 blocks
    Participant 10055: 719 trials, 12 blocks

================================================================================
FITTING WMRL-M5 HIERARCHICAL MODEL
================================================================================

>> Preparing stacked participant data...
  Prepared 27 participants (sorted by ID)
  LEC covariate loaded: mean=11.00, std=3.42, n=27

>> Running MCMC inference (NUTS + convergence auto-bump)...
>> Starting MCMC sampling with convergence auto-bump...
   Chains: 4
   Host devices: 1
   Warmup: 1000
   Samples: 2000
   Max tree depth: 10
   Total iterations per chain: 3000
   Acceptance probability schedule: (0.8, 0.95, 0.99)

============================================================
>> JAX / NumPyro configuration
   backend            : gpu
   devices            : [CudaDevice(id=0)]
   local_device_count : 1
   x64 enabled        : False
   chain_method       : vectorized
   num_chains         : 4
   NUMPYRO_HOST_DEVICE_COUNT        = <unset>
   XLA_PYTHON_CLIENT_PREALLOCATE    = <unset>
   XLA_PYTHON_CLIENT_MEM_FRACTION   = <unset>
   JAX_COMPILATION_CACHE_DIR        = /scratch/fc37/aman0087/.jax_cache_32_smoke_bayesian_wmrl_m5_softmax
   JAX_PERSISTENT_CACHE_MIN_ENTRY_SIZE_BYTES = 0
   CUDA_VISIBLE_DEVICES             = 0
============================================================

   Backend: gpu | chain_method: vectorized
[timing] target_accept_prob=0.80 wall=3179.5s
[convergence-gate] target_accept_prob=0.80 divergences=0
[convergence-gate] Zero divergences — accepting this run.

================================================================================
WMRL-M5 POSTERIOR ESTIMATES — GROUP LEVEL
================================================================================
  alpha_neg_mu_pr: -3.762 +/- 0.312
  alpha_pos_mu_pr: -1.648 +/- 0.048
  capacity_mu_pr: -2.402 +/- 0.442
  epsilon_mu_pr: -1.604 +/- 0.063
  kappa_mu_pr: 0.338 +/- 0.104
  phi_mu_pr: -0.551 +/- 0.138
  phi_rl_mu_pr: -1.614 +/- 0.039
  rho_mu_pr: -0.425 +/- 0.100
  beta_lec_kappa: mean=0.0155 +/- 0.1022, 95% HDI=[-0.1889, 0.2126]
    HDI includes zero

================================================================================
SAVING RESULTS
================================================================================

>> Computing pointwise log-likelihoods...
  Pointwise log-lik shape: (4, 2000, 27, 1700)
  Padding positions set to NaN for WAIC/LOO.

>> Building ArviZ InferenceData...

>> Checking convergence gate...
[convergence-gate] model=wmrl_m5 max_rhat=1.000 min_ess_bulk=2676 divergences=0 min_bfmi=0.75 allow_gate_failure=True

[CONVERGENCE GATE PASSED] max_rhat=1.0000, min_ess_bulk=2676, divergences=0, min_bfmi=0.749

>> Writing schema-parity CSV...
  Saved: /fs04/fc37/adam/projects/rlwm_trauma_analysis/models/bayesian/32_smoke_softmax/wmrl_m5_individual_fits.csv
  Saved posterior NetCDF: /fs04/fc37/adam/projects/rlwm_trauma_analysis/models/bayesian/32_smoke_softmax/wmrl_m5_posterior.nc

>> Computing WAIC and LOO...
  WARNING: WAIC failed: 'ELPDData' object has no attribute 'waic'
  WARNING: LOO failed: 'ELPDData' object has no attribute 'loo'

>> Computing shrinkage diagnostic...
  Shrinkage values:
    alpha_pos: 0.354 (identified)
    alpha_neg: 0.001 (WARNING: poorly identified)
    phi: 0.886 (identified)
    rho: 0.194 (WARNING: poorly identified)
    capacity: 0.001 (WARNING: poorly identified)
    kappa: 0.892 (identified)
    phi_rl: 0.239 (WARNING: poorly identified)
    epsilon: 0.664 (identified)
  Saved: /fs04/fc37/adam/projects/rlwm_trauma_analysis/models/bayesian/32_smoke_softmax/wmrl_m5_shrinkage_report.md

>> Running posterior predictive check...

[PPC] 17/17 blocks covered by 95% PPC envelope
[PPC] Results saved: /fs04/fc37/adam/projects/rlwm_trauma_analysis/models/bayesian/32_smoke_softmax/wmrl_m5_ppc_results.csv
  PPC: 17/17 blocks covered by 95% envelope

>> All results saved successfully!

================================================================================
FITTING COMPLETE!
================================================================================

[STEP 21.3 COMPLETE] Posterior NetCDF written: /fs04/fc37/adam/projects/rlwm_trauma_analysis/models/bayesian/32_smoke_softmax/wmrl_m5_posterior.nc

[Tue May  5 09:25:42 PM AEST 2026] Smoke fit finished (exit code: 0)
  [OK] models/bayesian/32_smoke_softmax/wmrl_m5_posterior.nc (1.2G)
  [OK] models/bayesian/32_smoke_softmax/wmrl_m5_individual_fits.csv (48K)

============================================================
End time: Tue May  5 09:25:42 PM AEST 2026
Exit code: 0
============================================================
