============================================================
Phase 32-05 — Cluster Smoke Fit
============================================================
Job ID:         55152152
Node:           m3g101
Project:        /fs04/fc37/adam/projects/rlwm_trauma_analysis
MODEL:          qlearning
KAPPA_MODE:     convex
STAGE:          bayesian
SUBSAMPLE_N:    30
OUT_SUBDIR:     32_smoke_convex
Start time:     Mon May  4 05:10:52 PM AEST 2026
============================================================
Activated rlwm_gpu by name
[Mon May  4 05:11:01 PM AEST 2026] Smoke subsample already exists: data/processed/task_trials_long_30p_smoke.csv
JAX cache: /scratch/fc37/aman0087/.jax_cache_32_smoke_bayesian_qlearning_convex

[Mon May  4 05:11:01 PM AEST 2026] Starting Bayesian smoke fit: MODEL=qlearning KAPPA_MODE=convex
================================================================================
STEP 21.3 — BASELINE HIERARCHICAL FIT (NO L2)
================================================================================
  Model: qlearning
  Data: data/processed/task_trials_long_30p_smoke.csv
  Chains: 4
  Warmup: 1000
  Samples: 2000
  Seed: 42
  Max tree depth: 10
  Output: /fs04/fc37/adam/projects/rlwm_trauma_analysis/models
  Output subdir: bayesian/32_smoke_convex/ (override)
  Kappa parameterization: convex
================================================================================
================================================================================
BAYESIAN QLEARNING FIT WITH JAX/NUMPYRO
================================================================================

Settings:
  Model: qlearning
  Data: data/processed/task_trials_long_30p_smoke.csv
  Min block: 3 (excludes practice)
  Chains: 4
  Warmup: 1000
  Samples: 2000
  Max tree depth: 10
  Output: /fs04/fc37/adam/projects/rlwm_trauma_analysis/models
  Seed: 42
  Output subdir: bayesian/32_smoke_convex/ (Phase 21 layout)
  Kappa parameterization: convex
  JAX devices: 1

>> Loading data from: data/processed/task_trials_long_30p_smoke.csv
Analysis cohort breakdown (total observed N=30):
  Task-complete (>= 400 trials, >= 8 blocks): 30
  Overall accuracy >= 0.4: 30
  Late-block accuracy >= 0.5 (last 5): 27
  Both performance gates: 27
  Scale-complete (5 cols): 186
  Final cohort (intersection − manual exclusions): 27
  Analysis cohort (v4.0): task-complete + performance-check + scale-complete
  Loaded 21703 trials from 30 participants
  Excluded 3 participants outside cohort
  Final sample: 27 participants
  Filtered to blocks >= 3: 21703 trials remain
  Dropped NaN values in critical columns: 21703 trials remain

>> Data summary:
  Participants: 27
  Blocks: 21
  Total trials: 21703
  Trials per participant: 804
    Participant 9187: 990 trials, 17 blocks
    Participant 10000: 988 trials, 17 blocks
    Participant 10002: 986 trials, 17 blocks
    Participant 10003: 973 trials, 17 blocks
    Participant 10004: 990 trials, 17 blocks
    Participant 10005: 985 trials, 17 blocks
    Participant 10006: 987 trials, 17 blocks
    Participant 10016: 987 trials, 17 blocks
    Participant 10017: 986 trials, 17 blocks
    Participant 10018: 986 trials, 17 blocks
    Participant 10024: 718 trials, 12 blocks
    Participant 10025: 414 trials, 8 blocks
    Participant 10027: 718 trials, 12 blocks
    Participant 10029: 720 trials, 12 blocks
    Participant 10030: 716 trials, 12 blocks
    Participant 10031: 719 trials, 12 blocks
    Participant 10035: 717 trials, 12 blocks
    Participant 10036: 713 trials, 12 blocks
    Participant 10039: 711 trials, 12 blocks
    Participant 10041: 696 trials, 12 blocks
    Participant 10043: 716 trials, 12 blocks
    Participant 10044: 716 trials, 12 blocks
    Participant 10047: 717 trials, 12 blocks
    Participant 10050: 717 trials, 12 blocks
    Participant 10051: 709 trials, 12 blocks
    Participant 10052: 709 trials, 12 blocks
    Participant 10055: 719 trials, 12 blocks

================================================================================
FITTING QLEARNING HIERARCHICAL MODEL
================================================================================

>> Preparing stacked participant data...
  Prepared 27 participants (sorted by ID)
  Skipping LEC covariate: model 'qlearning' does not support Level-2 regression (no natural L2 target parameter).

>> Running MCMC inference (NUTS + convergence auto-bump)...
>> Starting MCMC sampling with convergence auto-bump...
   Chains: 4
   Host devices: 1
   Warmup: 1000
   Samples: 2000
   Max tree depth: 10
   Total iterations per chain: 3000
   Acceptance probability schedule: (0.8, 0.95, 0.99)

============================================================
>> JAX / NumPyro configuration
   backend            : gpu
   devices            : [CudaDevice(id=0)]
   local_device_count : 1
   x64 enabled        : False
   chain_method       : vectorized
   num_chains         : 4
   NUMPYRO_HOST_DEVICE_COUNT        = <unset>
   XLA_PYTHON_CLIENT_PREALLOCATE    = <unset>
   XLA_PYTHON_CLIENT_MEM_FRACTION   = <unset>
   JAX_COMPILATION_CACHE_DIR        = /scratch/fc37/aman0087/.jax_cache_32_smoke_bayesian_qlearning_convex
   JAX_PERSISTENT_CACHE_MIN_ENTRY_SIZE_BYTES = 0
   CUDA_VISIBLE_DEVICES             = 0
============================================================

   Backend: gpu | chain_method: vectorized
[timing] target_accept_prob=0.80 wall=1132.3s
[convergence-gate] target_accept_prob=0.80 divergences=0
[convergence-gate] Zero divergences — accepting this run.

================================================================================
QLEARNING POSTERIOR ESTIMATES — GROUP LEVEL
================================================================================
  alpha_neg_mu_pr: -2.357 +/- 0.269
  alpha_pos_mu_pr: 1.366 +/- 1.766
  epsilon_mu_pr: -0.943 +/- 0.211

================================================================================
SAVING RESULTS
================================================================================

>> Computing pointwise log-likelihoods...
  Pointwise log-lik shape: (4, 2000, 27, 1700)
  Padding positions set to NaN for WAIC/LOO.

>> Building ArviZ InferenceData...

>> Checking convergence gate...
[convergence-gate] model=qlearning max_rhat=1.780 min_ess_bulk=6 divergences=0 min_bfmi=nan

[CONVERGENCE GATE FAILED] max_rhat=1.7800, min_ess_bulk=6, divergences=0, min_bfmi=nan
Refusing to write output files. Fix convergence issues and re-run.

================================================================================
FITTING COMPLETE!
================================================================================
