============================================================
Phase 32-05 — Cluster Smoke Fit
============================================================
Job ID:         55143211
Node:           m3g118
Project:        /fs04/fc37/adam/projects/rlwm_trauma_analysis
MODEL:          qlearning
KAPPA_MODE:     softmax
STAGE:          mle
SUBSAMPLE_N:    30
OUT_SUBDIR:     32_smoke_softmax
Start time:     Mon May  4 03:43:52 AM AEST 2026
============================================================
Activated rlwm_gpu by name
[Mon May  4 03:43:55 AM AEST 2026] Smoke subsample already exists: data/processed/task_trials_long_30p_smoke.csv
JAX cache: /scratch/fc37/aman0087/.jax_cache_32_smoke_mle_qlearning_softmax

[Mon May  4 03:43:55 AM AEST 2026] Starting MLE smoke fit: MODEL=qlearning KAPPA_MODE=softmax

============================================================
MLE Fitting: QLEARNING
============================================================
Data: data/processed/task_trials_long_30p_smoke.csv
Random starts: 50
Seed: 42
Output: models/mle/32_smoke_softmax
  (root=models/mle/, subdir=32_smoke_softmax)
Kappa parameterization: softmax
Include practice: False
Parallel workers: 1
Hessian diagnostics: disabled
============================================================

Loading data...
  Total participants in data: 30
  Final sample: 30
  Total trials: 24091

[MEMORY] START: 197.2MB (psutil)

============================================================
MLE Fitting: QLEARNING
============================================================
Start time: 2026-05-04 03:44:03
Participants: 30
Random starts per participant: 50
Parallel workers: 1
============================================================

Preparing participant data...
  Prepared 10/30 participants...
  Prepared 20/30 participants...
  Prepared 30/30 participants...
  Data preparation complete (10.9s)

GPU detected (cuda:0). Using vectorized GPU fitting path.


============================================================
GPU-Vectorized MLE Fitting: QLEARNING
============================================================
Start time: 2026-05-04 03:44:14
Participants: 30
Random starts per participant: 50
Method: jaxopt.LBFGS + jax.vmap (fully vectorized)
============================================================

Stage 1: Preparing and stacking participant data...
  Stacked data shape: (30, 17, 100) (1.2s)
Stage 2: Generating unconstrained starting points...
  Starting points: (50, 3)
Stage 3: Building vmapped optimizer...
Stage 4: Running GPU-vectorized fitting (JIT compiling + executing)...
[MEMORY] PRE-GPU-FIT: 2022.4MB (psutil)
[MEMORY] POST-GPU-FIT: 2011.6MB (psutil)
  GPU fitting complete: 5881.0s
  Output shapes: params=(30, 50, 3), nlls=(30, 50)
Stage 5: Selecting best results and transforming parameters...
Stage 6: Building result dictionaries...

============================================================
GPU FITTING COMPLETE
============================================================
Total duration: 5885.5s (98.1min)
  GPU optimization: 5881.0s
Participants: 30 | Converged: 28 (93%)
Peak memory: 1.98GB
============================================================


============================================================
RESULTS
============================================================

Convergence: 28/30 (93.3%)

Group Statistics (n=28):
--------------------------------------------------
  alpha_pos   : 0.126 +/- 0.047  (SD=0.251)
  alpha_neg   : 0.062 +/- 0.038  (SD=0.204)
  epsilon     : 0.114 +/- 0.012  (SD=0.065)

Model Fit:
--------------------------------------------------
  NLL         : 468.01 +/- 28.56
  AIC         : 942.02 +/- 57.12
  BIC         : 956.02 +/- 57.17
  PSEUDO-R²   : 0.447 +/- 0.165

Warning: Parameters hitting bounds:
  alpha_neg: 22 participants
  epsilon: 3 participants
  alpha_pos: 2 participants

============================================================
Results saved to:
  Individual fits:     models/mle/32_smoke_softmax/qlearning_individual_fits.csv
  Group summary:       models/mle/32_smoke_softmax/qlearning_group_summary.csv
  Timing log:          models/mle/32_smoke_softmax/qlearning_timing_log.csv
  Performance summary: models/mle/32_smoke_softmax/qlearning_performance_summary.json
============================================================

============================================================
STATUS: COMPLETE - 30 participants fit (28 converged, 2 did not converge)
============================================================


[Mon May  4 05:22:24 AM AEST 2026] Smoke fit finished (exit code: 0)
  [OK] models/mle/32_smoke_softmax/qlearning_individual_fits.csv (8.0K)

============================================================
End time: Mon May  4 05:22:24 AM AEST 2026
Exit code: 0
============================================================
