============================================================
Phase 32-05 — Cluster Smoke Fit
============================================================
Job ID:         55143212
Node:           m3g116
Project:        /fs04/fc37/adam/projects/rlwm_trauma_analysis
MODEL:          wmrl_m6b
KAPPA_MODE:     softmax
STAGE:          mle
SUBSAMPLE_N:    30
OUT_SUBDIR:     32_smoke_softmax
Start time:     Mon May  4 03:43:52 AM AEST 2026
============================================================
Activated rlwm_gpu by name
[Mon May  4 03:43:55 AM AEST 2026] Smoke subsample already exists: data/processed/task_trials_long_30p_smoke.csv
JAX cache: /scratch/fc37/aman0087/.jax_cache_32_smoke_mle_wmrl_m6b_softmax

[Mon May  4 03:43:55 AM AEST 2026] Starting MLE smoke fit: MODEL=wmrl_m6b KAPPA_MODE=softmax

============================================================
MLE Fitting: WMRL_M6B
============================================================
Data: data/processed/task_trials_long_30p_smoke.csv
Random starts: 50
Seed: 42
Output: models/mle/32_smoke_softmax
  (root=models/mle/, subdir=32_smoke_softmax)
Kappa parameterization: softmax
Include practice: False
Parallel workers: 1
Hessian diagnostics: disabled
============================================================

Loading data...
  Total participants in data: 30
  Final sample: 30
  Total trials: 24091

[MEMORY] START: 197.9MB (psutil)

============================================================
MLE Fitting: WMRL_M6B
============================================================
Start time: 2026-05-04 03:44:03
Participants: 30
Random starts per participant: 50
Parallel workers: 1
============================================================

Preparing participant data...
  Prepared 10/30 participants...
  Prepared 20/30 participants...
  Prepared 30/30 participants...
  Data preparation complete (11.0s)

GPU detected (cuda:0). Using vectorized GPU fitting path.


============================================================
GPU-Vectorized MLE Fitting: WMRL_M6B
============================================================
Start time: 2026-05-04 03:44:14
Participants: 30
Random starts per participant: 50
Method: jaxopt.LBFGS + jax.vmap (fully vectorized)
============================================================

Stage 1: Preparing and stacking participant data...
  Stacked data shape: (30, 17, 100) (1.5s)
Stage 2: Generating unconstrained starting points...
  Starting points: (50, 8)
Stage 3: Building vmapped optimizer...
Stage 4: Running GPU-vectorized fitting (JIT compiling + executing)...
[MEMORY] PRE-GPU-FIT: 2026.1MB (psutil)
[MEMORY] POST-GPU-FIT: 2132.1MB (psutil)
  GPU fitting complete: 11707.7s
  Output shapes: params=(30, 50, 8), nlls=(30, 50)
Stage 5: Selecting best results and transforming parameters...
Stage 6: Building result dictionaries...

============================================================
GPU FITTING COMPLETE
============================================================
Total duration: 11712.7s (195.2min)
  GPU optimization: 11707.7s
Participants: 30 | Converged: 23 (77%)
Peak memory: 2.08GB
============================================================


============================================================
RESULTS
============================================================

Convergence: 23/30 (76.7%)

Group Statistics (n=23):
--------------------------------------------------
  alpha_pos   : 0.064 +/- 0.043  (SD=0.206)
  alpha_neg   : 0.044 +/- 0.043  (SD=0.208)
  phi         : 0.258 +/- 0.050  (SD=0.242)
  rho         : 0.365 +/- 0.049  (SD=0.235)
  capacity    : 2.813 +/- 0.293  (SD=1.407)
  kappa_total : 0.747 +/- 0.068  (SD=0.328)
  kappa_share : 0.460 +/- 0.076  (SD=0.366)
  epsilon     : 0.051 +/- 0.009  (SD=0.044)

Model Fit:
--------------------------------------------------
  NLL         : 425.81 +/- 32.15
  AIC         : 867.63 +/- 64.29
  BIC         : 905.08 +/- 64.38
  PSEUDO-R²   : 0.498 +/- 0.158

Warning: Parameters hitting bounds:
  alpha_neg: 30 participants
  kappa_share: 9 participants
  kappa_total: 11 participants
  alpha_pos: 11 participants
  epsilon: 4 participants
  capacity: 14 participants
  phi: 2 participants

============================================================
Results saved to:
  Individual fits:     models/mle/32_smoke_softmax/wmrl_m6b_individual_fits.csv
  Group summary:       models/mle/32_smoke_softmax/wmrl_m6b_group_summary.csv
  Timing log:          models/mle/32_smoke_softmax/wmrl_m6b_timing_log.csv
  Performance summary: models/mle/32_smoke_softmax/wmrl_m6b_performance_summary.json
============================================================

============================================================
STATUS: COMPLETE - 30 participants fit (23 converged, 7 did not converge)
============================================================


[Mon May  4 06:59:32 AM AEST 2026] Smoke fit finished (exit code: 0)
  [OK] models/mle/32_smoke_softmax/wmrl_m6b_individual_fits.csv (12K)

============================================================
End time: Mon May  4 06:59:32 AM AEST 2026
Exit code: 0
============================================================
